Component: ARM Compiler 5.06 update 7 (build 960) Tool: armlink [4d3601]

==============================================================================

Section Cross References

    startup_stm32g431xx.o(STACK) refers (Special) to heapauxi.o(.text) for __use_two_region_memory
    startup_stm32g431xx.o(HEAP) refers (Special) to heapauxi.o(.text) for __use_two_region_memory
    startup_stm32g431xx.o(RESET) refers (Special) to heapauxi.o(.text) for __use_two_region_memory
    startup_stm32g431xx.o(RESET) refers to startup_stm32g431xx.o(STACK) for __initial_sp
    startup_stm32g431xx.o(RESET) refers to startup_stm32g431xx.o(.text) for Reset_Handler
    startup_stm32g431xx.o(RESET) refers to stm32g4xx_it.o(i.NMI_Handler) for NMI_Handler
    startup_stm32g431xx.o(RESET) refers to cmb_fault.o(.text) for HardFault_Handler
    startup_stm32g431xx.o(RESET) refers to stm32g4xx_it.o(i.MemManage_Handler) for MemManage_Handler
    startup_stm32g431xx.o(RESET) refers to stm32g4xx_it.o(i.BusFault_Handler) for BusFault_Handler
    startup_stm32g431xx.o(RESET) refers to stm32g4xx_it.o(i.UsageFault_Handler) for UsageFault_Handler
    startup_stm32g431xx.o(RESET) refers to port.o(.emb_text) for SVC_Handler
    startup_stm32g431xx.o(RESET) refers to stm32g4xx_it.o(i.DebugMon_Handler) for DebugMon_Handler
    startup_stm32g431xx.o(RESET) refers to cmsis_os2.o(i.SysTick_Handler) for SysTick_Handler
    startup_stm32g431xx.o(RESET) refers to stm32g4xx_it.o(i.DMA1_Channel1_IRQHandler) for DMA1_Channel1_IRQHandler
    startup_stm32g431xx.o(RESET) refers to stm32g4xx_it.o(i.DMA1_Channel2_IRQHandler) for DMA1_Channel2_IRQHandler
    startup_stm32g431xx.o(RESET) refers to stm32g4xx_it.o(i.ADC1_2_IRQHandler) for ADC1_2_IRQHandler
    startup_stm32g431xx.o(RESET) refers to stm32g4xx_it.o(i.TIM1_BRK_TIM15_IRQHandler) for TIM1_BRK_TIM15_IRQHandler
    startup_stm32g431xx.o(RESET) refers to stm32g4xx_it.o(i.TIM1_UP_TIM16_IRQHandler) for TIM1_UP_TIM16_IRQHandler
    startup_stm32g431xx.o(RESET) refers to stm32g4xx_it.o(i.TIM1_CC_IRQHandler) for TIM1_CC_IRQHandler
    startup_stm32g431xx.o(RESET) refers to stm32g4xx_it.o(i.TIM4_IRQHandler) for TIM4_IRQHandler
    startup_stm32g431xx.o(RESET) refers to stm32g4xx_it.o(i.USART3_IRQHandler) for USART3_IRQHandler
    startup_stm32g431xx.o(RESET) refers to stm32g4xx_it.o(i.EXTI15_10_IRQHandler) for EXTI15_10_IRQHandler
    startup_stm32g431xx.o(RESET) refers to stm32g4xx_it.o(i.TIM7_IRQHandler) for TIM7_IRQHandler
    startup_stm32g431xx.o(RESET) refers to stm32g4xx_it.o(i.COMP1_2_3_IRQHandler) for COMP1_2_3_IRQHandler
    startup_stm32g431xx.o(.text) refers (Special) to heapauxi.o(.text) for __use_two_region_memory
    startup_stm32g431xx.o(.text) refers to system_stm32g4xx.o(i.SystemInit) for SystemInit
    startup_stm32g431xx.o(.text) refers to __main.o(!!!main) for __main
    startup_stm32g431xx.o(.text) refers to startup_stm32g431xx.o(HEAP) for Heap_Mem
    startup_stm32g431xx.o(.text) refers to startup_stm32g431xx.o(STACK) for Stack_Mem
    main.o(i.HAL_TIM_PeriodElapsedCallback) refers to stm32g4xx_hal.o(i.HAL_IncTick) for HAL_IncTick
    main.o(i.SystemClock_Config) refers to rt_memclr_w.o(.text) for __aeabi_memclr4
    main.o(i.SystemClock_Config) refers to stm32g4xx_hal_pwr_ex.o(i.HAL_PWREx_ControlVoltageScaling) for HAL_PWREx_ControlVoltageScaling
    main.o(i.SystemClock_Config) refers to stm32g4xx_hal_rcc.o(i.HAL_RCC_OscConfig) for HAL_RCC_OscConfig
    main.o(i.SystemClock_Config) refers to stm32g4xx_hal_rcc.o(i.HAL_RCC_ClockConfig) for HAL_RCC_ClockConfig
    main.o(i.main) refers to stm32g4xx_hal.o(i.HAL_Init) for HAL_Init
    main.o(i.main) refers to log.o(i.Log_Init) for Log_Init
    main.o(i.main) refers to log.o(i.Log_Printf) for Log_Printf
    main.o(i.main) refers to main.o(i.SystemClock_Config) for SystemClock_Config
    main.o(i.main) refers to segger_rtt_printf.o(i.SEGGER_RTT_printf) for SEGGER_RTT_printf
    main.o(i.main) refers to gpio.o(i.MX_GPIO_Init) for MX_GPIO_Init
    main.o(i.main) refers to dma.o(i.MX_DMA_Init) for MX_DMA_Init
    main.o(i.main) refers to usart.o(i.MX_USART3_UART_Init) for MX_USART3_UART_Init
    main.o(i.main) refers to adc.o(i.MX_ADC1_Init) for MX_ADC1_Init
    main.o(i.main) refers to opamp.o(i.MX_OPAMP1_Init) for MX_OPAMP1_Init
    main.o(i.main) refers to opamp.o(i.MX_OPAMP3_Init) for MX_OPAMP3_Init
    main.o(i.main) refers to tim.o(i.MX_TIM1_Init) for MX_TIM1_Init
    main.o(i.main) refers to tim.o(i.MX_TIM4_Init) for MX_TIM4_Init
    main.o(i.main) refers to adc.o(i.MX_ADC2_Init) for MX_ADC2_Init
    main.o(i.main) refers to dac.o(i.MX_DAC3_Init) for MX_DAC3_Init
    main.o(i.main) refers to dac.o(i.MX_DAC1_Init) for MX_DAC1_Init
    main.o(i.main) refers to opamp.o(i.MX_OPAMP2_Init) for MX_OPAMP2_Init
    main.o(i.main) refers to comp.o(i.MX_COMP1_Init) for MX_COMP1_Init
    main.o(i.main) refers to bspcommusart.o(i.BspUsartInit) for BspUsartInit
    main.o(i.main) refers to bspadc.o(i.BspAdcInit) for BspAdcInit
[...]
    TIM4_IRQHandler                          0x08007c45   Thumb Code     6  stm32g4xx_it.o(i.TIM4_IRQHandler)
    TIM7_IRQHandler                          0x08007c51   Thumb Code     6  stm32g4xx_it.o(i.TIM7_IRQHandler)
    TIM_Base_SetConfig                       0x08007c5d   Thumb Code   160  stm32g4xx_hal_tim.o(i.TIM_Base_SetConfig)
    TIM_CCxChannelCmd                        0x08007d19   Thumb Code    26  stm32g4xx_hal_tim.o(i.TIM_CCxChannelCmd)
    TIM_ETR_SetConfig                        0x08007d4d   Thumb Code    20  stm32g4xx_hal_tim.o(i.TIM_ETR_SetConfig)
    TIM_OC2_SetConfig                        0x08007e11   Thumb Code   120  stm32g4xx_hal_tim.o(i.TIM_OC2_SetConfig)
    TIM_TI1_SetConfig                        0x080080c5   Thumb Code    88  stm32g4xx_hal_tim.o(i.TIM_TI1_SetConfig)
    UART_AdvFeatureConfig                    0x08008199   Thumb Code   200  stm32g4xx_hal_uart.o(i.UART_AdvFeatureConfig)
    UART_CheckIdleState                      0x08008261   Thumb Code   172  stm32g4xx_hal_uart.o(i.UART_CheckIdleState)
    UART_SetConfig                           0x080084e5   Thumb Code   582  stm32g4xx_hal_uart.o(i.UART_SetConfig)
    UART_Start_Receive_DMA                   0x08008759   Thumb Code   156  stm32g4xx_hal_uart.o(i.UART_Start_Receive_DMA)
    UART_WaitOnFlagUntilTimeout              0x08008801   Thumb Code   148  stm32g4xx_hal_uart.o(i.UART_WaitOnFlagUntilTimeout)
    USART3_IRQHandler                        0x08008895   Thumb Code    16  stm32g4xx_it.o(i.USART3_IRQHandler)
    UsageFault_Handler                       0x080088a9   Thumb Code     2  stm32g4xx_it.o(i.UsageFault_Handler)
    __ARM_fpclassify                         0x08008ba3   Thumb Code    48  fpclassify.o(i.__ARM_fpclassify)
    __ARM_fpclassifyf                        0x08008bd3   Thumb Code    38  fpclassifyf.o(i.__ARM_fpclassifyf)
    __hardfp_cosf                            0x08008c19   Thumb Code   280  cosf.o(i.__hardfp_cosf)
    __hardfp_floorf                          0x08008d69   Thumb Code    98  floorf.o(i.__hardfp_floorf)
    __hardfp_fmaxf                           0x08008dd9   Thumb Code    72  fmaxf.o(i.__hardfp_fmaxf)
    __hardfp_fminf                           0x08008e21   Thumb Code    72  fminf.o(i.__hardfp_fminf)
    __hardfp_fmodf                           0x08008e69   Thumb Code   176  fmodf.o(i.__hardfp_fmodf)
    __hardfp_sinf                            0x08008f19   Thumb Code   344  sinf.o(i.__hardfp_sinf)
    __mathlib_flt_infnan                     0x080090a9   Thumb Code     6  funder.o(i.__mathlib_flt_infnan)
    __mathlib_flt_invalid                    0x080090b1   Thumb Code    10  funder.o(i.__mathlib_flt_invalid)
    __mathlib_flt_underflow                  0x080090c1   Thumb Code    10  funder.o(i.__mathlib_flt_underflow)
    __mathlib_rredf2                         0x080090d1   Thumb Code   316  rredf.o(i.__mathlib_rredf2)
    _is_digit                                0x08009225   Thumb Code    14  __printf_wp.o(i._is_digit)
    cm_backtrace_call_stack                  0x08009235   Thumb Code   196  cm_backtrace.o(i.cm_backtrace_call_stack)
    cm_backtrace_fault                       0x08009301   Thumb Code   510  cm_backtrace.o(i.cm_backtrace_fault)
    cm_backtrace_firmware_info               0x080095c5   Thumb Code    36  cm_backtrace.o(i.cm_backtrace_firmware_info)
    cm_backtrace_init                        0x080095f5   Thumb Code    94  cm_backtrace.o(i.cm_backtrace_init)
    main                                     0x08009aa1   Thumb Code   130  main.o(i.main)
    osDelay                                  0x08009b99   Thumb Code    26  cmsis_os2.o(i.osDelay)
    osKernelInitialize                       0x08009bb5   Thumb Code    32  cmsis_os2.o(i.osKernelInitialize)
    osKernelStart                            0x08009bd9   Thumb Code    48  cmsis_os2.o(i.osKernelStart)
    osThreadNew                              0x08009c11   Thumb Code   138  cmsis_os2.o(i.osThreadNew)
    pvPortMalloc                             0x0800a4c1   Thumb Code   216  heap_4.o(i.pvPortMalloc)
    pxPortInitialiseStack                    0x0800a59d   Thumb Code    40  port.o(i.pxPortInitialiseStack)
    rt_modf_snf                              0x0800a60d   Thumb Code   296  foc.o(i.rt_modf_snf)
    uxListRemove                             0x0800a741   Thumb Code    38  list.o(i.uxListRemove)
    vApplicationGetIdleTaskMemory            0x0800a769   Thumb Code    16  cmsis_os2.o(i.vApplicationGetIdleTaskMemory)
    vApplicationGetTimerTaskMemory           0x0800a77d   Thumb Code    16  cmsis_os2.o(i.vApplicationGetTimerTaskMemory)
    vListInitialise                          0x0800a791   Thumb Code    22  list.o(i.vListInitialise)
    vListInitialiseItem                      0x0800a7a7   Thumb Code     6  list.o(i.vListInitialiseItem)
    vListInsert                              0x0800a7ad   Thumb Code    48  list.o(i.vListInsert)
    vListInsertEnd                           0x0800a7dd   Thumb Code    24  list.o(i.vListInsertEnd)
    vPortEnterCritical                       0x0800a7f5   Thumb Code    54  port.o(i.vPortEnterCritical)
    vPortExitCritical                        0x0800a835   Thumb Code    34  port.o(i.vPortExitCritical)
    vPortFree                                0x0800a85d   Thumb Code    94  heap_4.o(i.vPortFree)
    vPortSetupTimerInterrupt                 0x0800a8c1   Thumb Code    32  port.o(i.vPortSetupTimerInterrupt)
    vPortValidateInterruptPriority           0x0800a8e5   Thumb Code    74  port.o(i.vPortValidateInterruptPriority)
    vQueueAddToRegistry                      0x0800a939   Thumb Code    34  queue.o(i.vQueueAddToRegistry)
    vQueueWaitForMessageRestricted           0x0800a961   Thumb Code    68  queue.o(i.vQueueWaitForMessageRestricted)
    vTaskDelay                               0x0800a9a5   Thumb Code    66  tasks.o(i.vTaskDelay)
    vTaskInternalSetTimeOutState             0x0800a9f1   Thumb Code    12  tasks.o(i.vTaskInternalSetTimeOutState)
    vTaskMissedYield                         0x0800aa01   Thumb Code     8  tasks.o(i.vTaskMissedYield)
    vTaskName                                0x0800aa0d   Thumb Code     8  tasks.o(i.vTaskName)
    vTaskPlaceOnEventList                    0x0800aa19   Thumb Code    44  tasks.o(i.vTaskPlaceOnEventList)
    vTaskPlaceOnEventListRestricted          0x0800aa49   Thumb Code    52  tasks.o(i.vTaskPlaceOnEventListRestricted)
    vTaskStackAddr                           0x0800aa81   Thumb Code     8  tasks.o(i.vTaskStackAddr)
    vTaskStackSize                           0x0800aa8d   Thumb Code     8  tasks.o(i.vTaskStackSize)
    vTaskStartScheduler                      0x0800aa99   Thumb Code   118  tasks.o(i.vTaskStartScheduler)
    vTaskSuspendAll                          0x0800ab21   Thumb Code    10  tasks.o(i.vTaskSuspendAll)
    vTaskSwitchContext                       0x0800ab31   Thumb Code    90  tasks.o(i.vTaskSwitchContext)
    xPortStartScheduler                      0x0800ab95   Thumb Code   222  port.o(i.xPortStartScheduler)
    xPortSysTickHandler                      0x0800ac89   Thumb Code    38  port.o(i.xPortSysTickHandler)
    xQueueGenericCreateStatic                0x0800acb5   Thumb Code   102  queue.o(i.xQueueGenericCreateStatic)
    xQueueGenericReset                       0x0800ad1d   Thumb Code   132  queue.o(i.xQueueGenericReset)
    xQueueGenericSend                        0x0800ada5   Thumb Code   346  queue.o(i.xQueueGenericSend)
    xQueueGenericSendFromISR                 0x0800af05   Thumb Code   190  queue.o(i.xQueueGenericSendFromISR)
    xQueueReceive                            0x0800afc5   Thumb Code   308  queue.o(i.xQueueReceive)
    xTaskCheckForTimeOut                     0x0800b0fd   Thumb Code   112  tasks.o(i.xTaskCheckForTimeOut)
    xTaskCreate                              0x0800b171   Thumb Code    90  tasks.o(i.xTaskCreate)
    xTaskCreateStatic                        0x0800b1cb   Thumb Code    86  tasks.o(i.xTaskCreateStatic)
    xTaskGetSchedulerState                   0x0800b221   Thumb Code    22  tasks.o(i.xTaskGetSchedulerState)
    xTaskGetTickCount                        0x0800b23d   Thumb Code     6  tasks.o(i.xTaskGetTickCount)
    xTaskIncrementTick                       0x0800b249   Thumb Code   192  tasks.o(i.xTaskIncrementTick)
    xTaskPriorityDisinherit                  0x0800b311   Thumb Code   118  tasks.o(i.xTaskPriorityDisinherit)
    xTaskRemoveFromEventList                 0x0800b391   Thumb Code    98  tasks.o(i.xTaskRemoveFromEventList)
    xTaskResumeAll                           0x0800b401   Thumb Code   182  tasks.o(i.xTaskResumeAll)
    xTimerCreateTimerTask                    0x0800b4c5   Thumb Code    78  timers.o(i.xTimerCreateTimerTask)
    xTimerGenericCommand                     0x0800b525   Thumb Code    98  timers.o(i.xTimerGenericCommand)
    _get_lc_numeric                          0x0800b58d   Thumb Code    44  lc_numeric_c.o(locale$$code)
    _get_lc_ctype                            0x0800b5b9   Thumb Code    44  lc_ctype_c.o(locale$$code)
    __aeabi_d2f                              0x0800b5e5   Thumb Code     0  d2f.o(x$fpl$d2f)
    _d2f                                     0x0800b5e5   Thumb Code    98  d2f.o(x$fpl$d2f)
    __aeabi_dadd                             0x0800b649   Thumb Code     0  daddsub_clz.o(x$fpl$dadd)
    _dadd                                    0x0800b649   Thumb Code   332  daddsub_clz.o(x$fpl$dadd)
    __aeabi_d2iz                             0x0800b799   Thumb Code     0  dfix.o(x$fpl$dfix)
    _dfix                                    0x0800b799   Thumb Code    94  dfix.o(x$fpl$dfix)
    __aeabi_dmul                             0x0800b7f9   Thumb Code     0  dmul.o(x$fpl$dmul)
    _dmul                                    0x0800b7f9   Thumb Code   332  dmul.o(x$fpl$dmul)
    __fpl_dnaninf                            0x0800b94d   Thumb Code   156  dnaninf.o(x$fpl$dnaninf)
    __fpl_dretinf                            0x0800b9e9   Thumb Code    12  dretinf.o(x$fpl$dretinf)
    __aeabi_dsub                             0x0800b9f5   Thumb Code     0  daddsub_clz.o(x$fpl$dsub)
    _dsub                                    0x0800b9f5   Thumb Code   464  daddsub_clz.o(x$fpl$dsub)
    __aeabi_f2d                              0x0800bbc9   Thumb Code     0  f2d.o(x$fpl$f2d)
    _f2d                                     0x0800bbc9   Thumb Code    86  f2d.o(x$fpl$f2d)
    __fcmp4                                  0x0800bc21   Thumb Code    24  fcmp4.o(x$fpl$fcmp4)
    __ARM_fcmp4                              0x0800bc39   Thumb Code     0  fcmp4.o(x$fpl$fcmp4)
    _fcmp4                                   0x0800bc39   Thumb Code    58  fcmp4.o(x$fpl$fcmp4)
    __fpl_fcmp_Inf                           0x0800bc73   Thumb Code    24  fcmpi.o(x$fpl$fcmpinf)
    __fpl_fnaninf                            0x0800bc8b   Thumb Code   140  fnaninf.o(x$fpl$fnaninf)
    _fp_init                                 0x0800bd17   Thumb Code    10  fpinit.o(x$fpl$fpinit)
    __fplib_config_fpu_vfp                   0x0800bd1f   Thumb Code     0  fpinit.o(x$fpl$fpinit)
    __fplib_config_pureend_doubles           0x0800bd1f   Thumb Code     0  fpinit.o(x$fpl$fpinit)
    _frem                                    0x0800bd21   Thumb Code   240  frem_clz.o(x$fpl$frem)
    __fpl_fretinf                            0x0800be15   Thumb Code    10  fretinf.o(x$fpl$fretinf)
    _printf_fp_dec                           0x0800be1f   Thumb Code     4  printf1.o(x$fpl$printf1)
    _printf_fp_hex                           0x0800be23   Thumb Code     4  printf2.o(x$fpl$printf2)
    __I$use$fp                               0x0800be26   Number         0  usenofp.o(x$fpl$usenofp)
    defaultTask_attributes                   0x0800be28   Data          36  app_freertos.o(.constdata)
    foctask_attributes                       0x0800be4c   Data          36  app_freertos.o(.constdata)
    UARTPrescTable                           0x0800be70   Data          24  stm32g4xx_hal_uart.o(.constdata)
    AHBPrescTable                            0x0800be98   Data          16  system_stm32g4xx.o(.constdata)
    APBPrescTable                            0x0800bea8   Data           8  system_stm32g4xx.o(.constdata)
    rtM                                      0x0800bfe0   Data           4  foc.o(.constdata)
    Region$$Table$$Base                      0x0800c9dc   Number         0  anon$$obj.o(Region$$Table)
    Region$$Table$$Limit                     0x0800c9fc   Number         0  anon$$obj.o(Region$$Table)
    __ctype                                  0x0800ca25   Data           0  lc_ctype_c.o(locale$$data)
    Image$$ER_IROM1$$Limit                   0x0800cb28   Number         0  anon$$obj.o ABSOLUTE
    defaultTaskHandle                        0x20000004   Data           4  app_freertos.o(.data)
    foctaskHandle                            0x20000008   Data           4  app_freertos.o(.data)
    uwTickPrio                               0x20000010   Data           4  stm32g4xx_hal.o(.data)
    uwTickFreq                               0x20000014   Data           4  stm32g4xx_hal.o(.data)
    uwTick                                   0x20000018   Data           4  stm32g4xx_hal.o(.data)
    SystemCoreClock                          0x2000001c   Data           4  system_stm32g4xx.o(.data)
    IA_Offset                                0x20000030   Data           4  bspadc.o(.data)
    IB_Offset                                0x20000034   Data           4  bspadc.o(.data)
    IC_Offset                                0x20000038   Data           4  bspadc.o(.data)
    HallReadTemp                             0x2000003c   Data           1  bsptim.o(.data)
    HallTemp                                 0x20000040   Data           4  bsptim.o(.data)
    HallThetaAdd                             0x20000044   Data           4  bsptim.o(.data)
    HallTheta                                0x20000048   Data           4  bsptim.o(.data)
    HallSpeed                                0x2000004c   Data           4  bsptim.o(.data)
    HallSpeedLast                            0x20000050   Data           4  bsptim.o(.data)
    HallSpeedtest                            0x20000054   Data           4  bsptim.o(.data)
    alpha                                    0x20000058   Data           4  bsptim.o(.data)
    pxCurrentTCB                             0x20000064   Data           4  tasks.o(.data)
    rtInfF                                   0x20000108   Data           4  foc.o(.data)
    rtMinusInfF                              0x2000010c   Data           4  foc.o(.data)
    rtNaNF                                   0x20000110   Data           4  foc.o(.data)
    rtInf                                    0x20000118   Data           8  foc.o(.data)
    rtMinusInf                               0x20000120   Data           8  foc.o(.data)
    rtNaN                                    0x20000128   Data           8  foc.o(.data)
    g_FloatTxData                            0x20000130   Data          48  main.o(.bss)
    hadc1                                    0x20000160   Data         108  adc.o(.bss)
    hadc2                                    0x200001cc   Data         108  adc.o(.bss)
    hcomp1                                   0x20000238   Data          36  comp.o(.bss)
    hdac1                                    0x2000025c   Data          20  dac.o(.bss)
    hdac3                                    0x20000270   Data          20  dac.o(.bss)
    hopamp1                                  0x20000284   Data          60  opamp.o(.bss)
    hopamp2                                  0x200002c0   Data          60  opamp.o(.bss)
    hopamp3                                  0x200002fc   Data          60  opamp.o(.bss)
    htim1                                    0x20000338   Data          76  tim.o(.bss)
    htim4                                    0x20000384   Data          76  tim.o(.bss)
    huart3                                   0x200003d0   Data         148  usart.o(.bss)
    hdma_usart3_rx                           0x20000464   Data          96  usart.o(.bss)
    hdma_usart3_tx                           0x200004c4   Data          96  usart.o(.bss)
    htim7                                    0x20000524   Data          76  stm32g4xx_hal_timebase_tim.o(.bss)
    xQueueRegistry                           0x200007c8   Data          64  queue.o(.bss)
    _SEGGER_RTT                              0x20001da4   Data         168  segger_rtt.o(.bss)
    rtDW                                     0x200027f0   Data          56  foc.o(.bss)
    rtU                                      0x20002828   Data          56  foc.o(.bss)
    rtY                                      0x20002860   Data          12  foc.o(.bss)
    __libspace_start                         0x20002878   Data          96  libspace.o(.bss)
    __temporary_stack_top$libspace           0x200028d8   Data           0  libspace.o(.bss)
    STACK$$Base                              0x20002ad8   Number         0  startup_stm32g431xx.o(STACK)
    STACK$$Limit                             0x20002ed8   Number         0  startup_stm32g431xx.o(STACK)



==============================================================================

Memory Map of the image

  Image Entry point : 0x080001d9

  Load Region LR_IROM1 (Base: 0x08000000, Size: 0x0000cc58, Max: 0x00020000, ABSOLUTE, COMPRESSED[0x0000cb40])

    Execution Region ER_IROM1 (Exec base: 0x08000000, Load base: 0x08000000, Size: 0x0000cb28, Max: 0x00020000, ABSOLUTE)

    Exec Addr    Load Addr    Size         Type   Attr      Idx    E Section Name        Object

    0x08000000   0x08000000   0x000001d8   Data   RO            3    RESET               startup_stm32g431xx.o
    0x080001d8   0x080001d8   0x00000008   Code   RO         7784  * !!!main             c_w.l(__main.o)
    0x080001e0   0x080001e0   0x00000034   Code   RO         8175    !!!scatter          c_w.l(__scatter.o)
    0x08000214   0x08000214   0x0000003a   Code   RO         8173    !!dczerorl          c_w.l(__dczerorl.o)
    0x0800024e   0x0800024e   0x00000002   PAD
    0x08000250   0x08000250   0x0000001c   Code   RO         8177    !!handler_zi        c_w.l(__scatter_zi.o)
    0x0800026c   0x0800026c   0x00000000   Code   RO         7765    .ARM.Collect$$_printf_percent$$00000000  c_w.l(_printf_percent.o)
    0x0800026c   0x0800026c   0x00000006   Code   RO         7884    .ARM.Collect$$_printf_percent$$00000001  c_w.l(_printf_n.o)
    0x08000272   0x08000272   0x00000006   Code   RO         7885    .ARM.Collect$$_printf_percent$$00000002  c_w.l(_printf_p.o)
    0x08000278   0x08000278   0x00000006   Code   RO         7889    .ARM.Collect$$_printf_percent$$00000003  c_w.l(_printf_f.o)
    0x0800027e   0x0800027e   0x00000006   Code   RO         7890    .ARM.Collect$$_printf_percent$$00000004  c_w.l(_printf_e.o)
    0x08000284   0x08000284   0x00000006   Code   RO         7891    .ARM.Collect$$_printf_percent$$00000005  c_w.l(_printf_g.o)
    0x0800028a   0x0800028a   0x00000006   Code   RO         7892    .ARM.Collect$$_printf_percent$$00000006  c_w.l(_printf_a.o)
    0x08000290   0x08000290   0x0000000a   Code   RO         7897    .ARM.Collect$$_printf_percent$$00000007  c_w.l(_printf_ll.o)
    0x0800029a   0x0800029a   0x00000006   Code   RO         7887    .ARM.Collect$$_printf_percent$$00000008  c_w.l(_printf_i.o)
    0x080002a0   0x080002a0   0x00000006   Code   RO         7888    .ARM.Collect$$_printf_percent$$00000009  c_w.l(_printf_d.o)
    0x080002a6   0x080002a6   0x00000006   Code   RO         7764    .ARM.Collect$$_printf_percent$$0000000A  c_w.l(_printf_u.o)
    0x080002ac   0x080002ac   0x00000006   Code   RO         7886    .ARM.Collect$$_printf_percent$$0000000B  c_w.l(_printf_o.o)
    0x080002b2   0x080002b2   0x00000006   Code   RO         7763    .ARM.Collect$$_printf_percent$$0000000C  c_w.l(_printf_x.o)
    0x080002b8   0x080002b8   0x00000006   Code   RO         7894    .ARM.Collect$$_printf_percent$$0000000D  c_w.l(_printf_lli.o)
    0x080002be   0x080002be   0x00000006   Code   RO         7895    .ARM.Collect$$_printf_percent$$0000000E  c_w.l(_printf_lld.o)
    0x080002c4   0x080002c4   0x00000006   Code   RO         7896    .ARM.Collect$$_printf_percent$$0000000F  c_w.l(_printf_llu.o)
    0x080002ca   0x080002ca   0x00000006   Code   RO         7901    .ARM.Collect$$_printf_percent$$00000010  c_w.l(_printf_llo.o)
    0x080002d0   0x080002d0   0x00000006   Code   RO         7902    .ARM.Collect$$_printf_percent$$00000011  c_w.l(_printf_llx.o)
    0x080002d6   0x080002d6   0x0000000a   Code   RO         7898    .ARM.Collect$$_printf_percent$$00000012  c_w.l(_printf_l.o)
    0x080002e0   0x080002e0   0x00000006   Code   RO         7761    .ARM.Collect$$_printf_percent$$00000013  c_w.l(_printf_c.o)
    0x080002e6   0x080002e6   0x00000006   Code   RO         7762    .ARM.Collect$$_printf_percent$$00000014  c_w.l(_printf_s.o)
    0x080002ec   0x080002ec   0x00000006   Code   RO         7899    .ARM.Collect$$_printf_percent$$00000015  c_w.l(_printf_lc.o)
    0x080002f2   0x080002f2   0x00000006   Code   RO         7900    .ARM.Collect$$_printf_percent$$00000016  c_w.l(_printf_ls.o)
    0x080002f8   0x080002f8   0x00000004   Code   RO         7893    .ARM.Collect$$_printf_percent$$00000017  c_w.l(_printf_percent_end.o)
    0x080002fc   0x080002fc   0x00000002   Code   RO         8037    .ARM.Collect$$libinit$$00000000  c_w.l(libinit.o)
    0x080002fe   0x080002fe   0x00000004   Code   RO         8053    .ARM.Collect$$libinit$$00000001  c_w.l(libinit2.o)
    0x08000302   0x08000302   0x00000000   Code   RO         8056    .ARM.Collect$$libinit$$00000004  c_w.l(libinit2.o)
    0x08000302   0x08000302   0x00000000   Code   RO         8059    .ARM.Collect$$libinit$$0000000A  c_w.l(libinit2.o)
    0x08000302   0x08000302   0x00000000   Code   RO         8061    .ARM.Collect$$libinit$$0000000C  c_w.l(libinit2.o)
    0x08000302   0x08000302   0x00000000   Code   RO         8063    .ARM.Collect$$libinit$$0000000E  c_w.l(libinit2.o)
    0x08000302   0x08000302   0x00000006   Code   RO         8064    .ARM.Collect$$libinit$$0000000F  c_w.l(libinit2.o)
    0x08000308   0x08000308   0x00000000   Code   RO         8066    .ARM.Collect$$libinit$$00000011  c_w.l(libinit2.o)
    0x08000308   0x08000308   0x0000000c   Code   RO         8067    .ARM.Collect$$libinit$$00000012  c_w.l(libinit2.o)
    0x08000314   0x08000314   0x00000000   Code   RO         8068    .ARM.Collect$$libinit$$00000013  c_w.l(libinit2.o)
    0x08000314   0x08000314   0x00000000   Code   RO         8070    .ARM.Collect$$libinit$$00000015  c_w.l(libinit2.o)
    0x08000314   0x08000314   0x0000000a   Code   RO         8071    .ARM.Collect$$libinit$$00000016  c_w.l(libinit2.o)
    0x0800031e   0x0800031e   0x00000000   Code   RO         8072    .ARM.Collect$$libinit$$00000017  c_w.l(libinit2.o)
    0x0800031e   0x0800031e   0x00000000   Code   RO         8074    .ARM.Collect$$libinit$$00000019  c_w.l(libinit2.o)
    0x0800031e   0x0800031e   0x00000000   Code   RO         8076    .ARM.Collect$$libinit$$0000001B  c_w.l(libinit2.o)
    0x0800031e   0x0800031e   0x00000000   Code   RO         8078    .ARM.Collect$$libinit$$0000001D  c_w.l(libinit2.o)
    0x0800031e   0x0800031e   0x00000000   Code   RO         8080    .ARM.Collect$$libinit$$0000001F  c_w.l(libinit2.o)
    0x0800031e   0x0800031e   0x00000000   Code   RO         8082    .ARM.Collect$$libinit$$00000021  c_w.l(libinit2.o)
    0x0800031e   0x0800031e   0x00000000   Code   RO         8084    .ARM.Collect$$libinit$$00000023  c_w.l(libinit2.o)
    0x0800031e   0x0800031e   0x00000000   Code   RO         8086    .ARM.Collect$$libinit$$00000025  c_w.l(libinit2.o)
    0x0800031e   0x0800031e   0x00000000   Code   RO         8090    .ARM.Collect$$libinit$$0000002C  c_w.l(libinit2.o)
    0x0800031e   0x0800031e   0x00000000   Code   RO         8092    .ARM.Collect$$libinit$$0000002E  c_w.l(libinit2.o)
    0x0800031e   0x0800031e   0x00000000   Code   RO         8094    .ARM.Collect$$libinit$$00000030  c_w.l(libinit2.o)
    0x0800031e   0x0800031e   0x00000000   Code   RO         8096    .ARM.Collect$$libinit$$00000032  c_w.l(libinit2.o)
    0x0800031e   0x0800031e   0x00000002   Code   RO         8097    .ARM.Collect$$libinit$$00000033  c_w.l(libinit2.o)
    0x08000320   0x08000320   0x00000002   Code   RO         8128    .ARM.Collect$$libshutdown$$00000000  c_w.l(libshutdown.o)
    0x08000322   0x08000322   0x00000000   Code   RO         8154    .ARM.Collect$$libshutdown$$00000002  c_w.l(libshutdown2.o)
    0x08000322   0x08000322   0x00000000   Code   RO         8156    .ARM.Collect$$libshutdown$$00000004  c_w.l(libshutdown2.o)
    0x08000322   0x08000322   0x00000000   Code   RO         8158    .ARM.Collect$$libshutdown$$00000006  c_w.l(libshutdown2.o)
    0x08000322   0x08000322   0x00000000   Code   RO         8161    .ARM.Collect$$libshutdown$$00000009  c_w.l(libshutdown2.o)
    0x08000322   0x08000322   0x00000000   Code   RO         8164    .ARM.Collect$$libshutdown$$0000000C  c_w.l(libshutdown2.o)
    0x08000322   0x08000322   0x00000000   Code   RO         8166    .ARM.Collect$$libshutdown$$0000000E  c_w.l(libshutdown2.o)
    0x08000322   0x08000322   0x00000000   Code   RO         8169    .ARM.Collect$$libshutdown$$00000011  c_w.l(libshutdown2.o)
    0x08000322   0x08000322   0x00000002   Code   RO         8170    .ARM.Collect$$libshutdown$$00000012  c_w.l(libshutdown2.o)
    0x08000324   0x08000324   0x00000000   Code   RO         7852    .ARM.Collect$$rtentry$$00000000  c_w.l(__rtentry.o)
    0x08000324   0x08000324   0x00000000   Code   RO         7948    .ARM.Collect$$rtentry$$00000002  c_w.l(__rtentry2.o)
    0x08000324   0x08000324   0x00000006   Code   RO         7960    .ARM.Collect$$rtentry$$00000004  c_w.l(__rtentry4.o)
    0x0800032a   0x0800032a   0x00000000   Code   RO         7950    .ARM.Collect$$rtentry$$00000009  c_w.l(__rtentry2.o)
    0x0800032a   0x0800032a   0x00000004   Code   RO         7951    .ARM.Collect$$rtentry$$0000000A  c_w.l(__rtentry2.o)
    0x0800032e   0x0800032e   0x00000000   Code   RO         7953    .ARM.Collect$$rtentry$$0000000C  c_w.l(__rtentry2.o)
    0x0800032e   0x0800032e   0x00000008   Code   RO         7954    .ARM.Collect$$rtentry$$0000000D  c_w.l(__rtentry2.o)
    0x08000336   0x08000336   0x00000002   Code   RO         8042    .ARM.Collect$$rtexit$$00000000  c_w.l(rtexit.o)
    0x08000338   0x08000338   0x00000000   Code   RO         8101    .ARM.Collect$$rtexit$$00000002  c_w.l(rtexit2.o)
    0x08000338   0x08000338   0x00000004   Code   RO         8102    .ARM.Collect$$rtexit$$00000003  c_w.l(rtexit2.o)
    0x0800033c   0x0800033c   0x00000006   Code   RO         8103    .ARM.Collect$$rtexit$$00000004  c_w.l(rtexit2.o)
    0x08000342   0x08000342   0x00000002   PAD
    0x08000344   0x08000344   0x000000be   Code   RO         7100    .emb_text           port.o
    0x08000402   0x08000402   0x00000002   PAD
    0x08000404   0x08000404   0x00000010   Code   RO         7541    .emb_text           cm_backtrace.o
    0x08000414   0x08000414   0x00000040   Code   RO            4    .text               startup_stm32g431xx.o
    0x08000454   0x08000454   0x0000000c   Code   RO         7625    .text               cmb_fault.o
    0x08000460   0x08000460   0x000000ee   Code   RO         7700    .text               c_w.l(lludivv7m.o)
    0x0800054e   0x0800054e   0x00000002   PAD
    0x08000550   0x08000550   0x00000034   Code   RO         7702    .text               c_w.l(vsnprintf.o)
    0x08000584   0x08000584   0x0000002c   Code   RO         7704    .text               c_w.l(__2sprintf.o)
    0x080005b0   0x080005b0   0x00000038   Code   RO         7706    .text               c_w.l(__2snprintf.o)
    0x080005e8   0x080005e8   0x0000004e   Code   RO         7714    .text               c_w.l(_printf_pad.o)
    0x08000636   0x08000636   0x00000052   Code   RO         7716    .text               c_w.l(_printf_str.o)
    0x08000688   0x08000688   0x00000078   Code   RO         7718    .text               c_w.l(_printf_dec.o)
    0x08000700   0x08000700   0x00000094   Code   RO         7738    .text               c_w.l(_printf_hex_int_ll_ptr.o)
    0x08000794   0x08000794   0x00000188   Code   RO         7758    .text               c_w.l(__printf_flags_ss_wp.o)
    0x0800091c   0x0800091c   0x0000003e   Code   RO         7766    .text               c_w.l(strlen.o)
    0x0800095a   0x0800095a   0x0000008a   Code   RO         7768    .text               c_w.l(rt_memcpy_v6.o)
    0x080009e4   0x080009e4   0x00000064   Code   RO         7770    .text               c_w.l(rt_memcpy_w.o)
    0x08000a48   0x08000a48   0x00000010   Code   RO         7774    .text               c_w.l(aeabi_memset.o)
    0x08000a58   0x08000a58   0x0000004e   Code   RO         7776    .text               c_w.l(rt_memclr_w.o)
    0x08000aa6   0x08000aa6   0x00000056   Code   RO         7778    .text               c_w.l(strncpy.o)
    0x08000afc   0x08000afc   0x00000080   Code   RO         7780    .text               c_w.l(strcmpv7m.o)
    0x08000b7c   0x08000b7c   0x00000006   Code   RO         7782    .text               c_w.l(heapauxi.o)
    0x08000b82   0x08000b82   0x00000016   Code   RO         7857    .text               c_w.l(_rserrno.o)
    0x08000b98   0x08000b98   0x00000024   Code   RO         7859    .text               c_w.l(_printf_truncate.o)
    0x08000bbc   0x08000bbc   0x000000b2   Code   RO         7861    .text               c_w.l(_printf_intcommon.o)
    0x08000c6e   0x08000c6e   0x00000028   Code   RO         7863    .text               c_w.l(_printf_charcount.o)
    0x08000c96   0x08000c96   0x00000002   PAD
    0x08000c98   0x08000c98   0x00000030   Code   RO         7865    .text               c_w.l(_printf_char_common.o)
    0x08000cc8   0x08000cc8   0x0000000a   Code   RO         7867    .text               c_w.l(_sputc.o)
    0x08000cd2   0x08000cd2   0x00000010   Code   RO         7869    .text               c_w.l(_snputc.o)
    0x08000ce2   0x08000ce2   0x0000002c   Code   RO         7871    .text               c_w.l(_printf_char.o)
    0x08000d0e   0x08000d0e   0x00000002   PAD
    0x08000d10   0x08000d10   0x000000bc   Code   RO         7873    .text               c_w.l(_printf_wctomb.o)
    0x08000dcc   0x08000dcc   0x0000007c   Code   RO         7876    .text               c_w.l(_printf_longlong_dec.o)
    0x08000e48   0x08000e48   0x00000070   Code   RO         7882    .text               c_w.l(_printf_oct_int_ll.o)
    0x08000eb8   0x08000eb8   0x00000044   Code   RO         7903    .text               c_w.l(rt_memclr.o)
    0x08000efc   0x08000efc   0x00000008   Code   RO         7967    .text               c_w.l(rt_errno_addr_intlibspace.o)
    0x08000f04   0x08000f04   0x0000008a   Code   RO         7969    .text               c_w.l(lludiv10.o)
    0x08000f8e   0x08000f8e   0x0000041e   Code   RO         7971    .text               c_w.l(_printf_fp_dec.o)
    0x080013ac   0x080013ac   0x000002fc   Code   RO         7973    .text               c_w.l(_printf_fp_hex.o)
    0x080016a8   0x080016a8   0x0000002c   Code   RO         7978    .text               c_w.l(_printf_wchar.o)
    0x080016d4   0x080016d4   0x00000040   Code   RO         7980    .text               c_w.l(_wcrtomb.o)
    0x08001714   0x08001714   0x00000008   Code   RO         7984    .text               c_w.l(libspace.o)
    0x0800171c   0x0800171c   0x0000004a   Code   RO         7987    .text               c_w.l(sys_stackheap_outer.o)
    0x08001766   0x08001766   0x00000002   PAD
    0x08001768   0x08001768   0x00000010   Code   RO         7989    .text               c_w.l(rt_ctype_table.o)
    0x08001778   0x08001778   0x00000008   Code   RO         7994    .text               c_w.l(rt_locale_intlibspace.o)
    0x08001780   0x08001780   0x00000080   Code   RO         7996    .text               c_w.l(_printf_fp_infnan.o)
    0x08001800   0x08001800   0x000000e4   Code   RO         7998    .text               c_w.l(bigflt0.o)
    0x080018e4   0x080018e4   0x00000012   Code   RO         8026    .text               c_w.l(exit.o)
    0x080018f6   0x080018f6   0x00000002   PAD
    0x080018f8   0x080018f8   0x0000000c   Code   RO         8098    .text               c_w.l(sys_exit.o)
    0x08001904   0x08001904   0x00000002   Code   RO         8117    .text               c_w.l(use_no_semi.o)
    0x08001906   0x08001906   0x00000000   Code   RO         8119    .text               c_w.l(indicate_semi.o)
    0x08001906   0x08001906   0x0000003e   Code   RO         8001    CL$$btod_d2e        c_w.l(btod.o)
    0x08001944   0x08001944   0x00000046   Code   RO         8003    CL$$btod_d2e_denorm_low  c_w.l(btod.o)
    0x0800198a   0x0800198a   0x00000060   Code   RO         8002    CL$$btod_d2e_norm_op1  c_w.l(btod.o)
    0x080019ea   0x080019ea   0x00000338   Code   RO         8011    CL$$btod_div_common  c_w.l(btod.o)
    0x08001d22   0x08001d22   0x000000dc   Code   RO         8008    CL$$btod_e2e        c_w.l(btod.o)
    0x08001dfe   0x08001dfe   0x0000002a   Code   RO         8005    CL$$btod_ediv       c_w.l(btod.o)
    0x08001e28   0x08001e28   0x0000002a   Code   RO         8004    CL$$btod_emul       c_w.l(btod.o)
    0x08001e52   0x08001e52   0x00000244   Code   RO         8010    CL$$btod_mult_common  c_w.l(btod.o)
    0x08002096   0x08002096   0x00000002   PAD
    0x08002098   0x08002098   0x0000001c   Code   RO          698    i.ADC1_2_IRQHandler  stm32g4xx_it.o
    0x080020b4   0x080020b4   0x00000070   Code   RO          883    i.ADC_Disable       stm32g4xx_hal_adc.o
    0x08002124   0x08002124   0x000000ac   Code   RO          884    i.ADC_Enable        stm32g4xx_hal_adc.o
    0x080021d0   0x080021d0   0x0000005c   Code   RO         5223    i.BspAdcInit        bspadc.o
    0x0800222c   0x0800222c   0x00000002   Code   RO         5267    i.BspTIMGetOutput   bsptim.o
    0x0800222e   0x0800222e   0x00000002   PAD
    0x08002230   0x08002230   0x00000038   Code   RO         5268    i.BspTIM_Init       bsptim.o
    0x08002268   0x08002268   0x00000068   Code   RO         5107    i.BspUartSendJustFloatData  bspcommusart.o
    0x080022d0   0x080022d0   0x00000044   Code   RO         5111    i.BspUsartInit      bspcommusart.o
    0x08002314   0x08002314   0x00000018   Code   RO         5113    i.BspUsartSendData  bspcommusart.o
    0x0800232c   0x0800232c   0x00000002   Code   RO          699    i.BusFault_Handler  stm32g4xx_it.o
    0x0800232e   0x0800232e   0x00000002   PAD
    0x08002330   0x08002330   0x0000000c   Code   RO          700    i.COMP1_2_3_IRQHandler  stm32g4xx_it.o
    0x0800233c   0x0800233c   0x0000000c   Code   RO          701    i.DMA1_Channel1_IRQHandler  stm32g4xx_it.o
    0x08002348   0x08002348   0x0000000c   Code   RO          702    i.DMA1_Channel2_IRQHandler  stm32g4xx_it.o
    0x08002354   0x08002354   0x00000040   Code   RO         2177    i.DMA_CalcDMAMUXChannelBaseAndMask  stm32g4xx_hal_dma.o
    0x08002394   0x08002394   0x00000024   Code   RO         2178    i.DMA_CalcDMAMUXRequestGenBaseAndMask  stm32g4xx_hal_dma.o
    0x080023b8   0x080023b8   0x0000003e   Code   RO         2179    i.DMA_SetConfig     stm32g4xx_hal_dma.o
    0x080023f6   0x080023f6   0x00000002   Code   RO          703    i.DebugMon_Handler  stm32g4xx_it.o
    0x080023f8   0x080023f8   0x0000001e   Code   RO          704    i.EXTI15_10_IRQHandler  stm32g4xx_it.o
    0x08002416   0x08002416   0x00000004   Code   RO           14    i.Error_Handler     main.o
    0x0800241a   0x0800241a   0x00000002   PAD
    0x0800241c   0x0800241c   0x0000002c   Code   RO          328    i.FOCTask           app_freertos.o
    0x08002448   0x08002448   0x00000024   Code   RO         5372    i.FOC_Manager_Init  foc_manager.o
    0x0800246c   0x0800246c   0x000000c8   Code   RO         5373    i.FOC_Manager_Process  foc_manager.o
    0x08002534   0x08002534   0x000005bc   Code   RO         7630    i.FOC_step          foc.o
    0x08002af0   0x08002af0   0x00000094   Code   RO         1117    i.HAL_ADCEx_Calibration_Start  stm32g4xx_hal_adc_ex.o
    0x08002b84   0x08002b84   0x00000002   Code   RO         1121    i.HAL_ADCEx_EndOfSamplingCallback  stm32g4xx_hal_adc_ex.o
    0x08002b86   0x08002b86   0x00000002   PAD
    0x08002b88   0x08002b88   0x00000518   Code   RO         1123    i.HAL_ADCEx_InjectedConfigChannel  stm32g4xx_hal_adc_ex.o
    0x080030a0   0x080030a0   0x0000020c   Code   RO         5224    i.HAL_ADCEx_InjectedConvCpltCallback  bspadc.o
    0x080032ac   0x080032ac   0x00000002   Code   RO         1127    i.HAL_ADCEx_InjectedQueueOverflowCallback  stm32g4xx_hal_adc_ex.o
    0x080032ae   0x080032ae   0x00000002   PAD
    0x080032b0   0x080032b0   0x000000e8   Code   RO         1128    i.HAL_ADCEx_InjectedStart  stm32g4xx_hal_adc_ex.o
    0x08003398   0x08003398   0x00000128   Code   RO         1129    i.HAL_ADCEx_InjectedStart_IT  stm32g4xx_hal_adc_ex.o
    0x080034c0   0x080034c0   0x00000002   Code   RO         1132    i.HAL_ADCEx_LevelOutOfWindow2Callback  stm32g4xx_hal_adc_ex.o
    0x080034c2   0x080034c2   0x00000002   Code   RO         1133    i.HAL_ADCEx_LevelOutOfWindow3Callback  stm32g4xx_hal_adc_ex.o
    0x080034c4   0x080034c4   0x000000d8   Code   RO         1134    i.HAL_ADCEx_MultiModeConfigChannel  stm32g4xx_hal_adc_ex.o
    0x0800359c   0x0800359c   0x00000424   Code   RO          886    i.HAL_ADC_ConfigChannel  stm32g4xx_hal_adc.o
    0x080039c0   0x080039c0   0x00000002   Code   RO          887    i.HAL_ADC_ConvCpltCallback  stm32g4xx_hal_adc.o
    0x080039c2   0x080039c2   0x00000002   Code   RO          890    i.HAL_ADC_ErrorCallback  stm32g4xx_hal_adc.o
    0x080039c4   0x080039c4   0x00000006   Code   RO          893    i.HAL_ADC_GetValue  stm32g4xx_hal_adc.o
    0x080039ca   0x080039ca   0x00000002   PAD
    0x080039cc   0x080039cc   0x0000026c   Code   RO          894    i.HAL_ADC_IRQHandler  stm32g4xx_hal_adc.o
    0x08003c38   0x08003c38   0x000001f4   Code   RO          895    i.HAL_ADC_Init      stm32g4xx_hal_adc.o
    0x08003e2c   0x08003e2c   0x00000002   Code   RO          896    i.HAL_ADC_LevelOutOfWindowCallback  stm32g4xx_hal_adc.o
    0x08003e2e   0x08003e2e   0x00000002   PAD
    0x08003e30   0x08003e30   0x00000114   Code   RO          386    i.HAL_ADC_MspInit   adc.o
    0x08003f44   0x08003f44   0x000000f4   Code   RO          901    i.HAL_ADC_Start     stm32g4xx_hal_adc.o
    0x08004038   0x08004038   0x00000048   Code   RO         2835    i.HAL_COMP_IRQHandler  stm32g4xx_hal_comp.o
    0x08004080   0x08004080   0x00000124   Code   RO         2836    i.HAL_COMP_Init     stm32g4xx_hal_comp.o
    0x080041a4   0x080041a4   0x0000005c   Code   RO          435    i.HAL_COMP_MspInit  comp.o
    0x08004200   0x08004200   0x00000002   Code   RO         2842    i.HAL_COMP_TriggerCallback  stm32g4xx_hal_comp.o
    0x08004202   0x08004202   0x00000002   PAD
    0x08004204   0x08004204   0x000001cc   Code   RO         2927    i.HAL_DAC_ConfigChannel  stm32g4xx_hal_dac.o
    0x080043d0   0x080043d0   0x00000028   Code   RO         2937    i.HAL_DAC_Init      stm32g4xx_hal_dac.o
    0x080043f8   0x080043f8   0x00000078   Code   RO          477    i.HAL_DAC_MspInit   dac.o
    0x08004470   0x08004470   0x0000006a   Code   RO         2180    i.HAL_DMA_Abort     stm32g4xx_hal_dma.o
    0x080044da   0x080044da   0x00000078   Code   RO         2181    i.HAL_DMA_Abort_IT  stm32g4xx_hal_dma.o
    0x08004552   0x08004552   0x00000004   Code   RO         2183    i.HAL_DMA_GetError  stm32g4xx_hal_dma.o
    0x08004556   0x08004556   0x000000ba   Code   RO         2185    i.HAL_DMA_IRQHandler  stm32g4xx_hal_dma.o
    0x08004610   0x08004610   0x000000c0   Code   RO         2186    i.HAL_DMA_Init      stm32g4xx_hal_dma.o
    0x080046d0   0x080046d0   0x0000008c   Code   RO         2190    i.HAL_DMA_Start_IT  stm32g4xx_hal_dma.o
    0x0800475c   0x0800475c   0x000000a4   Code   RO         5188    i.HAL_GPIO_EXTI_Callback  bspexit.o
    0x08004800   0x08004800   0x00000018   Code   RO         2041    i.HAL_GPIO_EXTI_IRQHandler  stm32g4xx_hal_gpio.o
    0x08004818   0x08004818   0x00000248   Code   RO         2042    i.HAL_GPIO_Init     stm32g4xx_hal_gpio.o
    0x08004a60   0x08004a60   0x0000000a   Code   RO         2044    i.HAL_GPIO_ReadPin  stm32g4xx_hal_gpio.o
    0x08004a6a   0x08004a6a   0x00000010   Code   RO         2045    i.HAL_GPIO_TogglePin  stm32g4xx_hal_gpio.o
    0x08004a7a   0x08004a7a   0x0000000a   Code   RO         2046    i.HAL_GPIO_WritePin  stm32g4xx_hal_gpio.o
    0x08004a84   0x08004a84   0x0000000c   Code   RO         1337    i.HAL_GetTick       stm32g4xx_hal.o
    0x08004a90   0x08004a90   0x00000010   Code   RO         1343    i.HAL_IncTick       stm32g4xx_hal.o
    0x08004aa0   0x08004aa0   0x0000001e   Code   RO         1344    i.HAL_Init          stm32g4xx_hal.o
    0x08004abe   0x08004abe   0x00000002   PAD
    0x08004ac0   0x08004ac0   0x00000088   Code   RO          840    i.HAL_InitTick      stm32g4xx_hal_timebase_tim.o
    0x08004b48   0x08004b48   0x0000003c   Code   RO          816    i.HAL_MspInit       stm32g4xx_hal_msp.o
    0x08004b84   0x08004b84   0x0000001a   Code   RO         2691    i.HAL_NVIC_EnableIRQ  stm32g4xx_hal_cortex.o
    0x08004b9e   0x08004b9e   0x00000002   PAD
    0x08004ba0   0x08004ba0   0x00000040   Code   RO         2697    i.HAL_NVIC_SetPriority  stm32g4xx_hal_cortex.o
    0x08004be0   0x08004be0   0x00000024   Code   RO         2698    i.HAL_NVIC_SetPriorityGrouping  stm32g4xx_hal_cortex.o
    0x08004c04   0x08004c04   0x000000f4   Code   RO         3215    i.HAL_OPAMP_Init    stm32g4xx_hal_opamp.o
    0x08004cf8   0x08004cf8   0x00000094   Code   RO          549    i.HAL_OPAMP_MspInit  opamp.o
    0x08004d8c   0x08004d8c   0x0000002c   Code   RO         3221    i.HAL_OPAMP_Start   stm32g4xx_hal_opamp.o
    0x08004db8   0x08004db8   0x000000bc   Code   RO         2445    i.HAL_PWREx_ControlVoltageScaling  stm32g4xx_hal_pwr_ex.o
    0x08004e74   0x08004e74   0x00000010   Code   RO         2457    i.HAL_PWREx_DisableUCPDDeadBattery  stm32g4xx_hal_pwr_ex.o
    0x08004e84   0x08004e84   0x00000288   Code   RO         1704    i.HAL_RCCEx_PeriphCLKConfig  stm32g4xx_hal_rcc_ex.o
    0x0800510c   0x0800510c   0x000001dc   Code   RO         1579    i.HAL_RCC_ClockConfig  stm32g4xx_hal_rcc.o
    0x080052e8   0x080052e8   0x00000040   Code   RO         1584    i.HAL_RCC_GetClockConfig  stm32g4xx_hal_rcc.o
    0x08005328   0x08005328   0x0000000c   Code   RO         1585    i.HAL_RCC_GetHCLKFreq  stm32g4xx_hal_rcc.o
    0x08005334   0x08005334   0x00000024   Code   RO         1587    i.HAL_RCC_GetPCLK1Freq  stm32g4xx_hal_rcc.o
    0x08005358   0x08005358   0x00000024   Code   RO         1588    i.HAL_RCC_GetPCLK2Freq  stm32g4xx_hal_rcc.o
    0x0800537c   0x0800537c   0x00000070   Code   RO         1589    i.HAL_RCC_GetSysClockFreq  stm32g4xx_hal_rcc.o
    0x080053ec   0x080053ec   0x00000404   Code   RO         1592    i.HAL_RCC_OscConfig  stm32g4xx_hal_rcc.o
    0x080057f0   0x080057f0   0x00000002   Code   RO         4036    i.HAL_TIMEx_Break2Callback  stm32g4xx_hal_tim_ex.o
    0x080057f2   0x080057f2   0x00000002   Code   RO         4037    i.HAL_TIMEx_BreakCallback  stm32g4xx_hal_tim_ex.o
    0x080057f4   0x080057f4   0x00000002   Code   RO         4038    i.HAL_TIMEx_CommutCallback  stm32g4xx_hal_tim_ex.o
    0x080057f6   0x080057f6   0x00000002   PAD
    0x080057f8   0x080057f8   0x0000009c   Code   RO         4041    i.HAL_TIMEx_ConfigBreakDeadTime  stm32g4xx_hal_tim_ex.o
    0x08005894   0x08005894   0x00000002   Code   RO         4049    i.HAL_TIMEx_DirectionChangeCallback  stm32g4xx_hal_tim_ex.o
    0x08005896   0x08005896   0x00000002   Code   RO         4063    i.HAL_TIMEx_EncoderIndexCallback  stm32g4xx_hal_tim_ex.o
    0x08005898   0x08005898   0x000000dc   Code   RO         4068    i.HAL_TIMEx_HallSensor_Init  stm32g4xx_hal_tim_ex.o
    0x08005974   0x08005974   0x00000002   Code   RO         4070    i.HAL_TIMEx_HallSensor_MspInit  stm32g4xx_hal_tim_ex.o
    0x08005976   0x08005976   0x00000002   PAD
    0x08005978   0x08005978   0x000000a8   Code   RO         4073    i.HAL_TIMEx_HallSensor_Start_IT  stm32g4xx_hal_tim_ex.o
    0x08005a20   0x08005a20   0x00000002   Code   RO         4077    i.HAL_TIMEx_IndexErrorCallback  stm32g4xx_hal_tim_ex.o
    0x08005a22   0x08005a22   0x00000002   PAD
    0x08005a24   0x08005a24   0x0000009c   Code   RO         4078    i.HAL_TIMEx_MasterConfigSynchronization  stm32g4xx_hal_tim_ex.o
    0x08005ac0   0x08005ac0   0x000000b8   Code   RO         4090    i.HAL_TIMEx_PWMN_Start  stm32g4xx_hal_tim_ex.o
    0x08005b78   0x08005b78   0x00000068   Code   RO         4093    i.HAL_TIMEx_PWMN_Stop  stm32g4xx_hal_tim_ex.o
    0x08005be0   0x08005be0   0x00000002   Code   RO         4099    i.HAL_TIMEx_TransitionErrorCallback  stm32g4xx_hal_tim_ex.o
    0x08005be2   0x08005be2   0x00000062   Code   RO         3322    i.HAL_TIM_Base_Init  stm32g4xx_hal_tim.o
    0x08005c44   0x08005c44   0x000000bc   Code   RO          603    i.HAL_TIM_Base_MspInit  tim.o
    0x08005d00   0x08005d00   0x0000006c   Code   RO         3325    i.HAL_TIM_Base_Start  stm32g4xx_hal_tim.o
    0x08005d6c   0x08005d6c   0x00000078   Code   RO         3327    i.HAL_TIM_Base_Start_IT  stm32g4xx_hal_tim.o
    0x08005de4   0x08005de4   0x00000100   Code   RO         3331    i.HAL_TIM_ConfigClockSource  stm32g4xx_hal_tim.o
    0x08005ee4   0x08005ee4   0x00000128   Code   RO         5269    i.HAL_TIM_IC_CaptureCallback  bsptim.o
    0x0800600c   0x0800600c   0x000001a2   Code   RO         3370    i.HAL_TIM_IRQHandler  stm32g4xx_hal_tim.o
    0x080061ae   0x080061ae   0x00000002   PAD
    0x080061b0   0x080061b0   0x00000094   Code   RO          604    i.HAL_TIM_MspPostInit  tim.o
    0x08006244   0x08006244   0x00000002   Code   RO         3373    i.HAL_TIM_OC_DelayElapsedCallback  stm32g4xx_hal_tim.o
    0x08006246   0x08006246   0x00000124   Code   RO         3394    i.HAL_TIM_PWM_ConfigChannel  stm32g4xx_hal_tim.o
    0x0800636a   0x0800636a   0x00000062   Code   RO         3397    i.HAL_TIM_PWM_Init  stm32g4xx_hal_tim.o
    0x080063cc   0x080063cc   0x00000002   Code   RO         3399    i.HAL_TIM_PWM_MspInit  stm32g4xx_hal_tim.o
    0x080063ce   0x080063ce   0x00000002   Code   RO         3400    i.HAL_TIM_PWM_PulseFinishedCallback  stm32g4xx_hal_tim.o
    0x080063d0   0x080063d0   0x000000fc   Code   RO         3402    i.HAL_TIM_PWM_Start  stm32g4xx_hal_tim.o
    0x080064cc   0x080064cc   0x000000ac   Code   RO         3405    i.HAL_TIM_PWM_Stop  stm32g4xx_hal_tim.o
    0x08006578   0x08006578   0x00000014   Code   RO           15    i.HAL_TIM_PeriodElapsedCallback  main.o
    0x0800658c   0x0800658c   0x0000002a   Code   RO         3410    i.HAL_TIM_ReadCapturedValue  stm32g4xx_hal_tim.o
    0x080065b6   0x080065b6   0x00000002   Code   RO         3413    i.HAL_TIM_TriggerCallback  stm32g4xx_hal_tim.o
    0x080065b8   0x080065b8   0x0000003e   Code   RO         4885    i.HAL_UARTEx_DisableFifoMode  stm32g4xx_hal_uart_ex.o
    0x080065f6   0x080065f6   0x00000002   Code   RO         4474    i.HAL_UARTEx_RxEventCallback  stm32g4xx_hal_uart.o
    0x080065f8   0x080065f8   0x00000002   Code   RO         4893    i.HAL_UARTEx_RxFifoFullCallback  stm32g4xx_hal_uart_ex.o
    0x080065fa   0x080065fa   0x0000004c   Code   RO         4894    i.HAL_UARTEx_SetRxFifoThreshold  stm32g4xx_hal_uart_ex.o
    0x08006646   0x08006646   0x0000004c   Code   RO         4895    i.HAL_UARTEx_SetTxFifoThreshold  stm32g4xx_hal_uart_ex.o
    0x08006692   0x08006692   0x00000002   Code   RO         4897    i.HAL_UARTEx_TxFifoEmptyCallback  stm32g4xx_hal_uart_ex.o
    0x08006694   0x08006694   0x00000002   Code   RO         4898    i.HAL_UARTEx_WakeupCallback  stm32g4xx_hal_uart_ex.o
    0x08006696   0x08006696   0x00000002   PAD
    0x08006698   0x08006698   0x0000004c   Code   RO         5114    i.HAL_UART_DMAIdleCallback  bspcommusart.o
    0x080066e4   0x080066e4   0x00000094   Code   RO         4486    i.HAL_UART_DMAStop  stm32g4xx_hal_uart.o
    0x08006778   0x08006778   0x00000002   Code   RO         4490    i.HAL_UART_ErrorCallback  stm32g4xx_hal_uart.o
    0x0800677a   0x0800677a   0x00000002   PAD
    0x0800677c   0x0800677c   0x0000031c   Code   RO         4493    i.HAL_UART_IRQHandler  stm32g4xx_hal_uart.o
    0x08006a98   0x08006a98   0x0000006a   Code   RO         4494    i.HAL_UART_Init     stm32g4xx_hal_uart.o
    0x08006b02   0x08006b02   0x00000002   PAD
    0x08006b04   0x08006b04   0x000000f4   Code   RO          657    i.HAL_UART_MspInit  usart.o
    0x08006bf8   0x08006bf8   0x00000048   Code   RO         4498    i.HAL_UART_Receive_DMA  stm32g4xx_hal_uart.o
    0x08006c40   0x08006c40   0x00000002   Code   RO         4501    i.HAL_UART_RxCpltCallback  stm32g4xx_hal_uart.o
    0x08006c42   0x08006c42   0x00000002   Code   RO         4502    i.HAL_UART_RxHalfCpltCallback  stm32g4xx_hal_uart.o
    0x08006c44   0x08006c44   0x00000090   Code   RO         4504    i.HAL_UART_Transmit_DMA  stm32g4xx_hal_uart.o
    0x08006cd4   0x08006cd4   0x00000002   Code   RO         4506    i.HAL_UART_TxCpltCallback  stm32g4xx_hal_uart.o
    0x08006cd6   0x08006cd6   0x00000002   Code   RO         4507    i.HAL_UART_TxHalfCpltCallback  stm32g4xx_hal_uart.o
    0x08006cd8   0x08006cd8   0x0000000c   Code   RO          909    i.LL_ADC_GetOffsetChannel  stm32g4xx_hal_adc.o
    0x08006ce4   0x08006ce4   0x0000000c   Code   RO         1142    i.LL_ADC_GetOffsetChannel  stm32g4xx_hal_adc_ex.o
    0x08006cf0   0x08006cf0   0x00000008   Code   RO          910    i.LL_ADC_INJ_IsConversionOngoing  stm32g4xx_hal_adc.o
    0x08006cf8   0x08006cf8   0x00000008   Code   RO         1143    i.LL_ADC_INJ_IsConversionOngoing  stm32g4xx_hal_adc_ex.o
    0x08006d00   0x08006d00   0x00000008   Code   RO          911    i.LL_ADC_REG_IsConversionOngoing  stm32g4xx_hal_adc.o
    0x08006d08   0x08006d08   0x00000008   Code   RO         1144    i.LL_ADC_REG_IsConversionOngoing  stm32g4xx_hal_adc_ex.o
    0x08006d10   0x08006d10   0x00000010   Code   RO          912    i.LL_ADC_REG_IsTriggerSourceSWStart  stm32g4xx_hal_adc.o
    0x08006d20   0x08006d20   0x0000001e   Code   RO          914    i.LL_ADC_SetChannelSamplingTime  stm32g4xx_hal_adc.o
    0x08006d3e   0x08006d3e   0x0000001e   Code   RO         1145    i.LL_ADC_SetChannelSamplingTime  stm32g4xx_hal_adc_ex.o
    0x08006d5c   0x08006d5c   0x00000010   Code   RO          915    i.LL_ADC_SetOffsetState  stm32g4xx_hal_adc.o
    0x08006d6c   0x08006d6c   0x00000010   Code   RO         1146    i.LL_ADC_SetOffsetState  stm32g4xx_hal_adc_ex.o
    0x08006d7c   0x08006d7c   0x00000100   Code   RO         7453    i.Log_Init          log.o
    0x08006e7c   0x08006e7c   0x00000028   Code   RO         7454    i.Log_LoopFun       log.o
    0x08006ea4   0x08006ea4   0x000000b8   Code   RO         7455    i.Log_Printf        log.o
    0x08006f5c   0x08006f5c   0x000000a8   Code   RO         7456    i.Log_Process       log.o
    0x08007004   0x08007004   0x00000050   Code   RO         7457    i.Log_RegisterFunction  log.o
    0x08007054   0x08007054   0x000000f4   Code   RO          387    i.MX_ADC1_Init      adc.o
    0x08007148   0x08007148   0x000000c0   Code   RO          388    i.MX_ADC2_Init      adc.o
    0x08007208   0x08007208   0x00000038   Code   RO          436    i.MX_COMP1_Init     comp.o
    0x08007240   0x08007240   0x00000058   Code   RO          478    i.MX_DAC1_Init      dac.o
    0x08007298   0x08007298   0x00000058   Code   RO          479    i.MX_DAC3_Init      dac.o
    0x080072f0   0x080072f0   0x0000004c   Code   RO          524    i.MX_DMA_Init       dma.o
    0x0800733c   0x0800733c   0x00000030   Code   RO          329    i.MX_FREERTOS_Init  app_freertos.o
    0x0800736c   0x0800736c   0x000000a4   Code   RO          304    i.MX_GPIO_Init      gpio.o
    0x08007410   0x08007410   0x00000034   Code   RO          550    i.MX_OPAMP1_Init    opamp.o
    0x08007444   0x08007444   0x00000034   Code   RO          551    i.MX_OPAMP2_Init    opamp.o
    0x08007478   0x08007478   0x00000034   Code   RO          552    i.MX_OPAMP3_Init    opamp.o
    0x080074ac   0x080074ac   0x0000011c   Code   RO          605    i.MX_TIM1_Init      tim.o
    0x080075c8   0x080075c8   0x0000008c   Code   RO          606    i.MX_TIM4_Init      tim.o
    0x08007654   0x08007654   0x00000068   Code   RO          658    i.MX_USART3_UART_Init  usart.o
    0x080076bc   0x080076bc   0x00000002   Code   RO          705    i.MemManage_Handler  stm32g4xx_it.o
    0x080076be   0x080076be   0x00000002   Code   RO          706    i.NMI_Handler       stm32g4xx_it.o
    0x080076c0   0x080076c0   0x0000003e   Code   RO         5038    i.ProtoclOfRBuffPush  protoclofringbuffer.o
    0x080076fe   0x080076fe   0x00000014   Code   RO         5039    i.ProtoclRBGetLength  protoclofringbuffer.o
    0x08007712   0x08007712   0x0000000c   Code   RO         5046    i.ProtoclRingBuffInit  protoclofringbuffer.o
    0x0800771e   0x0800771e   0x00000002   PAD
    0x08007720   0x08007720   0x00000060   Code   RO         7179    i.SEGGER_RTT_ConfigDownBuffer  segger_rtt.o
    0x08007780   0x08007780   0x00000060   Code   RO         7180    i.SEGGER_RTT_ConfigUpBuffer  segger_rtt.o
    0x080077e0   0x080077e0   0x0000001c   Code   RO         7183    i.SEGGER_RTT_GetKey  segger_rtt.o
    0x080077fc   0x080077fc   0x00000024   Code   RO         7186    i.SEGGER_RTT_HasKey  segger_rtt.o
    0x08007820   0x08007820   0x00000018   Code   RO         7191    i.SEGGER_RTT_Read   segger_rtt.o
    0x08007838   0x08007838   0x0000007c   Code   RO         7192    i.SEGGER_RTT_ReadNoLock  segger_rtt.o
    0x080078b4   0x080078b4   0x00000038   Code   RO         7202    i.SEGGER_RTT_Write  segger_rtt.o
    0x080078ec   0x080078ec   0x0000005c   Code   RO         7205    i.SEGGER_RTT_WriteNoLock  segger_rtt.o
    0x08007948   0x08007948   0x0000001a   Code   RO         7207    i.SEGGER_RTT_WriteString  segger_rtt.o
    0x08007962   0x08007962   0x00000016   Code   RO         7410    i.SEGGER_RTT_printf  segger_rtt_printf.o
    0x08007978   0x08007978   0x000001d8   Code   RO         7411    i.SEGGER_RTT_vprintf  segger_rtt_printf.o
    0x08007b50   0x08007b50   0x00000040   Code   RO          330    i.StartDefaultTask  app_freertos.o
    0x08007b90   0x08007b90   0x0000001a   Code   RO         6532    i.SysTick_Handler   cmsis_os2.o
    0x08007baa   0x08007baa   0x00000064   Code   RO           16    i.SystemClock_Config  main.o
    0x08007c0e   0x08007c0e   0x00000002   PAD
    0x08007c10   0x08007c10   0x00000010   Code   RO         5004    i.SystemInit        system_stm32g4xx.o
    0x08007c20   0x08007c20   0x0000000c   Code   RO          707    i.TIM1_BRK_TIM15_IRQHandler  stm32g4xx_it.o
    0x08007c2c   0x08007c2c   0x0000000c   Code   RO          708    i.TIM1_CC_IRQHandler  stm32g4xx_it.o
    0x08007c38   0x08007c38   0x0000000c   Code   RO          709    i.TIM1_UP_TIM16_IRQHandler  stm32g4xx_it.o
    0x08007c44   0x08007c44   0x0000000c   Code   RO          710    i.TIM4_IRQHandler   stm32g4xx_it.o
    0x08007c50   0x08007c50   0x0000000c   Code   RO          711    i.TIM7_IRQHandler   stm32g4xx_it.o
    0x08007c5c   0x08007c5c   0x000000bc   Code   RO         3415    i.TIM_Base_SetConfig  stm32g4xx_hal_tim.o
    0x08007d18   0x08007d18   0x0000001a   Code   RO         3416    i.TIM_CCxChannelCmd  stm32g4xx_hal_tim.o
    0x08007d32   0x08007d32   0x0000001a   Code   RO         4102    i.TIM_CCxNChannelCmd  stm32g4xx_hal_tim_ex.o
    0x08007d4c   0x08007d4c   0x00000014   Code   RO         3426    i.TIM_ETR_SetConfig  stm32g4xx_hal_tim.o
    0x08007d60   0x08007d60   0x00000014   Code   RO         3427    i.TIM_ITRx_SetConfig  stm32g4xx_hal_tim.o
    0x08007d74   0x08007d74   0x0000009c   Code   RO         3428    i.TIM_OC1_SetConfig  stm32g4xx_hal_tim.o
    0x08007e10   0x08007e10   0x00000090   Code   RO         3429    i.TIM_OC2_SetConfig  stm32g4xx_hal_tim.o
    0x08007ea0   0x08007ea0   0x00000090   Code   RO         3430    i.TIM_OC3_SetConfig  stm32g4xx_hal_tim.o
    0x08007f30   0x08007f30   0x00000090   Code   RO         3431    i.TIM_OC4_SetConfig  stm32g4xx_hal_tim.o
    0x08007fc0   0x08007fc0   0x00000070   Code   RO         3432    i.TIM_OC5_SetConfig  stm32g4xx_hal_tim.o
    0x08008030   0x08008030   0x00000070   Code   RO         3433    i.TIM_OC6_SetConfig  stm32g4xx_hal_tim.o
    0x080080a0   0x080080a0   0x00000022   Code   RO         3435    i.TIM_TI1_ConfigInputStage  stm32g4xx_hal_tim.o
    0x080080c2   0x080080c2   0x00000002   PAD
    0x080080c4   0x080080c4   0x0000006c   Code   RO         3436    i.TIM_TI1_SetConfig  stm32g4xx_hal_tim.o
    0x08008130   0x08008130   0x00000024   Code   RO         3437    i.TIM_TI2_ConfigInputStage  stm32g4xx_hal_tim.o
    0x08008154   0x08008154   0x00000044   Code   RO         4899    i.UARTEx_SetNbDataToProcess  stm32g4xx_hal_uart_ex.o
    0x08008198   0x08008198   0x000000c8   Code   RO         4508    i.UART_AdvFeatureConfig  stm32g4xx_hal_uart.o
    0x08008260   0x08008260   0x000000ac   Code   RO         4509    i.UART_CheckIdleState  stm32g4xx_hal_uart.o
    0x0800830c   0x0800830c   0x00000010   Code   RO         4510    i.UART_DMAAbortOnError  stm32g4xx_hal_uart.o
    0x0800831c   0x0800831c   0x00000050   Code   RO         4511    i.UART_DMAError     stm32g4xx_hal_uart.o
    0x0800836c   0x0800836c   0x00000086   Code   RO         4512    i.UART_DMAReceiveCplt  stm32g4xx_hal_uart.o
    0x080083f2   0x080083f2   0x00000020   Code   RO         4514    i.UART_DMARxHalfCplt  stm32g4xx_hal_uart.o
    0x08008412   0x08008412   0x00000042   Code   RO         4516    i.UART_DMATransmitCplt  stm32g4xx_hal_uart.o
    0x08008454   0x08008454   0x0000000a   Code   RO         4518    i.UART_DMATxHalfCplt  stm32g4xx_hal_uart.o
    0x0800845e   0x0800845e   0x00000002   PAD
    0x08008460   0x08008460   0x00000054   Code   RO         4520    i.UART_EndRxTransfer  stm32g4xx_hal_uart.o
    0x080084b4   0x080084b4   0x0000002e   Code   RO         4521    i.UART_EndTxTransfer  stm32g4xx_hal_uart.o
    0x080084e2   0x080084e2   0x00000002   PAD
    0x080084e4   0x080084e4   0x00000274   Code   RO         4526    i.UART_SetConfig    stm32g4xx_hal_uart.o
    0x08008758   0x08008758   0x000000a8   Code   RO         4527    i.UART_Start_Receive_DMA  stm32g4xx_hal_uart.o
    0x08008800   0x08008800   0x00000094   Code   RO         4533    i.UART_WaitOnFlagUntilTimeout  stm32g4xx_hal_uart.o
    0x08008894   0x08008894   0x00000014   Code   RO          712    i.USART3_IRQHandler  stm32g4xx_it.o
    0x080088a8   0x080088a8   0x00000002   Code   RO          713    i.UsageFault_Handler  stm32g4xx_it.o
    0x080088aa   0x080088aa   0x00000002   PAD
    0x080088ac   0x080088ac   0x00000068   Code   RO         7209    i._DoInit           segger_rtt.o
    0x08008914   0x08008914   0x00000016   Code   RO         7210    i._GetAvailWriteSpace  segger_rtt.o
    0x0800892a   0x0800892a   0x00000002   PAD
    0x0800892c   0x0800892c   0x000000c6   Code   RO         7412    i._PrintInt         segger_rtt_printf.o
    0x080089f2   0x080089f2   0x00000002   PAD
    0x080089f4   0x080089f4   0x000000d4   Code   RO         7413    i._PrintUnsigned    segger_rtt_printf.o
    0x08008ac8   0x08008ac8   0x0000003e   Code   RO         7414    i._StoreChar        segger_rtt_printf.o
    0x08008b06   0x08008b06   0x0000005a   Code   RO         7212    i._WriteBlocking    segger_rtt.o
    0x08008b60   0x08008b60   0x00000042   Code   RO         7213    i._WriteNoCheck     segger_rtt.o
    0x08008ba2   0x08008ba2   0x00000030   Code   RO         8040    i.__ARM_fpclassify  m_wm.l(fpclassify.o)
    0x08008bd2   0x08008bd2   0x00000026   Code   RO         7928    i.__ARM_fpclassifyf  m_wm.l(fpclassifyf.o)
    0x08008bf8   0x08008bf8   0x00000020   Code   RO         2704    i.__NVIC_SetPriority  stm32g4xx_hal_cortex.o
    0x08008c18   0x08008c18   0x00000150   Code   RO         7802    i.__hardfp_cosf     m_wm.l(cosf.o)
    0x08008d68   0x08008d68   0x00000070   Code   RO         7814    i.__hardfp_floorf   m_wm.l(floorf.o)
    0x08008dd8   0x08008dd8   0x00000048   Code   RO         7844    i.__hardfp_fmaxf    m_wm.l(fmaxf.o)
    0x08008e20   0x08008e20   0x00000048   Code   RO         7848    i.__hardfp_fminf    m_wm.l(fminf.o)
    0x08008e68   0x08008e68   0x000000b0   Code   RO         7820    i.__hardfp_fmodf    m_wm.l(fmodf.o)
    0x08008f18   0x08008f18   0x00000190   Code   RO         7832    i.__hardfp_sinf     m_wm.l(sinf.o)
    0x080090a8   0x080090a8   0x00000006   Code   RO         7931    i.__mathlib_flt_infnan  m_wm.l(funder.o)
    0x080090ae   0x080090ae   0x00000002   PAD
    0x080090b0   0x080090b0   0x00000010   Code   RO         7933    i.__mathlib_flt_invalid  m_wm.l(funder.o)
    0x080090c0   0x080090c0   0x00000010   Code   RO         7936    i.__mathlib_flt_underflow  m_wm.l(funder.o)
    0x080090d0   0x080090d0   0x00000154   Code   RO         7944    i.__mathlib_rredf2  m_wm.l(rredf.o)
    0x08009224   0x08009224   0x0000000e   Code   RO         7751    i._is_digit         c_w.l(__printf_wp.o)
    0x08009232   0x08009232   0x00000002   PAD
    0x08009234   0x08009234   0x000000cc   Code   RO         7543    i.cm_backtrace_call_stack  cm_backtrace.o
    0x08009300   0x08009300   0x000002c4   Code   RO         7545    i.cm_backtrace_fault  cm_backtrace.o
    0x080095c4   0x080095c4   0x00000030   Code   RO         7546    i.cm_backtrace_firmware_info  cm_backtrace.o
    0x080095f4   0x080095f4   0x00000080   Code   RO         7547    i.cm_backtrace_init  cm_backtrace.o
    0x08009674   0x08009674   0x00000024   Code   RO         7548    i.disassembly_ins_is_bl_blx  cm_backtrace.o
    0x08009698   0x08009698   0x000000dc   Code   RO         7549    i.dump_stack        cm_backtrace.o
    0x08009774   0x08009774   0x000002a8   Code   RO         7550    i.fault_diagnosis   cm_backtrace.o
    0x08009a1c   0x08009a1c   0x00000084   Code   RO         7551    i.get_cur_thread_stack_info  cm_backtrace.o
    0x08009aa0   0x08009aa0   0x000000f8   Code   RO           17    i.main              main.o
    0x08009b98   0x08009b98   0x0000001a   Code   RO         6534    i.osDelay           cmsis_os2.o
    0x08009bb2   0x08009bb2   0x00000002   PAD
    0x08009bb4   0x08009bb4   0x00000024   Code   RO         6548    i.osKernelInitialize  cmsis_os2.o
    0x08009bd8   0x08009bd8   0x00000038   Code   RO         6551    i.osKernelStart     cmsis_os2.o
    0x08009c10   0x08009c10   0x0000008a   Code   RO         6593    i.osThreadNew       cmsis_os2.o
    0x08009c9a   0x08009c9a   0x00000002   PAD
    0x08009c9c   0x08009c9c   0x00000098   Code   RO         7552    i.print_call_stack  cm_backtrace.o
    0x08009d34   0x08009d34   0x0000005c   Code   RO         5975    i.prvAddCurrentTaskToDelayedList  tasks.o
    0x08009d90   0x08009d90   0x000000d0   Code   RO         5976    i.prvAddNewTaskToReadyList  tasks.o
    0x08009e60   0x08009e60   0x00000058   Code   RO         6358    i.prvCheckForValidListAndQueue  timers.o
    0x08009eb8   0x08009eb8   0x00000026   Code   RO         5578    i.prvCopyDataFromQueue  queue.o
    0x08009ede   0x08009ede   0x0000006c   Code   RO         5579    i.prvCopyDataToQueue  queue.o
    0x08009f4a   0x08009f4a   0x00000034   Code   RO         5977    i.prvDeleteTCB      tasks.o
    0x08009f7e   0x08009f7e   0x00000002   PAD
    0x08009f80   0x08009f80   0x0000004c   Code   RO         7045    i.prvHeapInit       heap_4.o
    0x08009fcc   0x08009fcc   0x00000060   Code   RO         5978    i.prvIdleTask       tasks.o
    0x0800a02c   0x0800a02c   0x00000022   Code   RO         5581    i.prvInitialiseNewQueue  queue.o
    0x0800a04e   0x0800a04e   0x000000aa   Code   RO         5979    i.prvInitialiseNewTask  tasks.o
    0x0800a0f8   0x0800a0f8   0x0000004c   Code   RO         7046    i.prvInsertBlockIntoFreeList  heap_4.o
    0x0800a144   0x0800a144   0x00000038   Code   RO         6360    i.prvInsertTimerInActiveList  timers.o
    0x0800a17c   0x0800a17c   0x0000001c   Code   RO         5582    i.prvIsQueueEmpty   queue.o
    0x0800a198   0x0800a198   0x000000fc   Code   RO         6361    i.prvProcessReceivedCommands  timers.o
    0x0800a294   0x0800a294   0x000000c0   Code   RO         6362    i.prvProcessTimerOrBlockTask  timers.o
    0x0800a354   0x0800a354   0x00000020   Code   RO         5981    i.prvResetNextTaskUnblockTime  tasks.o
    0x0800a374   0x0800a374   0x00000028   Code   RO         6363    i.prvSampleTimeNow  timers.o
    0x0800a39c   0x0800a39c   0x0000006c   Code   RO         6364    i.prvSwitchTimerLists  timers.o
    0x0800a408   0x0800a408   0x00000028   Code   RO         7101    i.prvTaskExitError  port.o
    0x0800a430   0x0800a430   0x00000024   Code   RO         6365    i.prvTimerTask      timers.o
    0x0800a454   0x0800a454   0x0000006a   Code   RO         5583    i.prvUnlockQueue    queue.o
    0x0800a4be   0x0800a4be   0x00000002   PAD
    0x0800a4c0   0x0800a4c0   0x000000dc   Code   RO         7047    i.pvPortMalloc      heap_4.o
    0x0800a59c   0x0800a59c   0x0000002c   Code   RO         7102    i.pxPortInitialiseStack  port.o
    0x0800a5c8   0x0800a5c8   0x0000002c   Code   RO         7632    i.rtIsInfF          foc.o
    0x0800a5f4   0x0800a5f4   0x00000018   Code   RO         7633    i.rtIsNaNF          foc.o
    0x0800a60c   0x0800a60c   0x00000134   Code   RO         7635    i.rt_modf_snf       foc.o
    0x0800a740   0x0800a740   0x00000026   Code   RO         5538    i.uxListRemove      list.o
    0x0800a766   0x0800a766   0x00000002   PAD
    0x0800a768   0x0800a768   0x00000014   Code   RO         6605    i.vApplicationGetIdleTaskMemory  cmsis_os2.o
    0x0800a77c   0x0800a77c   0x00000014   Code   RO         6606    i.vApplicationGetTimerTaskMemory  cmsis_os2.o
    0x0800a790   0x0800a790   0x00000016   Code   RO         5539    i.vListInitialise   list.o
    0x0800a7a6   0x0800a7a6   0x00000006   Code   RO         5540    i.vListInitialiseItem  list.o
    0x0800a7ac   0x0800a7ac   0x00000030   Code   RO         5541    i.vListInsert       list.o
    0x0800a7dc   0x0800a7dc   0x00000018   Code   RO         5542    i.vListInsertEnd    list.o
    0x0800a7f4   0x0800a7f4   0x00000040   Code   RO         7104    i.vPortEnterCritical  port.o
    0x0800a834   0x0800a834   0x00000028   Code   RO         7105    i.vPortExitCritical  port.o
    0x0800a85c   0x0800a85c   0x00000064   Code   RO         7048    i.vPortFree         heap_4.o
    0x0800a8c0   0x0800a8c0   0x00000024   Code   RO         7106    i.vPortSetupTimerInterrupt  port.o
    0x0800a8e4   0x0800a8e4   0x00000054   Code   RO         7107    i.vPortValidateInterruptPriority  port.o
    0x0800a938   0x0800a938   0x00000028   Code   RO         5589    i.vQueueAddToRegistry  queue.o
    0x0800a960   0x0800a960   0x00000044   Code   RO         5593    i.vQueueWaitForMessageRestricted  queue.o
    0x0800a9a4   0x0800a9a4   0x0000004c   Code   RO         5994    i.vTaskDelay        tasks.o
    0x0800a9f0   0x0800a9f0   0x00000010   Code   RO         5999    i.vTaskInternalSetTimeOutState  tasks.o
    0x0800aa00   0x0800aa00   0x0000000c   Code   RO         6000    i.vTaskMissedYield  tasks.o
    0x0800aa0c   0x0800aa0c   0x0000000c   Code   RO         6001    i.vTaskName         tasks.o
    0x0800aa18   0x0800aa18   0x00000030   Code   RO         6003    i.vTaskPlaceOnEventList  tasks.o
    0x0800aa48   0x0800aa48   0x00000038   Code   RO         6004    i.vTaskPlaceOnEventListRestricted  tasks.o
    0x0800aa80   0x0800aa80   0x0000000c   Code   RO         6012    i.vTaskStackAddr    tasks.o
    0x0800aa8c   0x0800aa8c   0x0000000c   Code   RO         6013    i.vTaskStackSize    tasks.o
    0x0800aa98   0x0800aa98   0x00000088   Code   RO         6014    i.vTaskStartScheduler  tasks.o
    0x0800ab20   0x0800ab20   0x00000010   Code   RO         6016    i.vTaskSuspendAll   tasks.o
    0x0800ab30   0x0800ab30   0x00000064   Code   RO         6017    i.vTaskSwitchContext  tasks.o
    0x0800ab94   0x0800ab94   0x000000f4   Code   RO         7108    i.xPortStartScheduler  port.o
    0x0800ac88   0x0800ac88   0x0000002c   Code   RO         7109    i.xPortSysTickHandler  port.o
    0x0800acb4   0x0800acb4   0x00000066   Code   RO         5599    i.xQueueGenericCreateStatic  queue.o
    0x0800ad1a   0x0800ad1a   0x00000002   PAD
    0x0800ad1c   0x0800ad1c   0x00000088   Code   RO         5600    i.xQueueGenericReset  queue.o
    0x0800ada4   0x0800ada4   0x00000160   Code   RO         5601    i.xQueueGenericSend  queue.o
    0x0800af04   0x0800af04   0x000000be   Code   RO         5602    i.xQueueGenericSendFromISR  queue.o
    0x0800afc2   0x0800afc2   0x00000002   PAD
    0x0800afc4   0x0800afc4   0x00000138   Code   RO         5611    i.xQueueReceive     queue.o
    0x0800b0fc   0x0800b0fc   0x00000074   Code   RO         6019    i.xTaskCheckForTimeOut  tasks.o
    0x0800b170   0x0800b170   0x0000005a   Code   RO         6020    i.xTaskCreate       tasks.o
    0x0800b1ca   0x0800b1ca   0x00000056   Code   RO         6021    i.xTaskCreateStatic  tasks.o
    0x0800b220   0x0800b220   0x0000001c   Code   RO         6025    i.xTaskGetSchedulerState  tasks.o
    0x0800b23c   0x0800b23c   0x0000000c   Code   RO         6026    i.xTaskGetTickCount  tasks.o
    0x0800b248   0x0800b248   0x000000c8   Code   RO         6028    i.xTaskIncrementTick  tasks.o
    0x0800b310   0x0800b310   0x00000080   Code   RO         6031    i.xTaskPriorityDisinherit  tasks.o
    0x0800b390   0x0800b390   0x00000070   Code   RO         6033    i.xTaskRemoveFromEventList  tasks.o
    0x0800b400   0x0800b400   0x000000c4   Code   RO         6034    i.xTaskResumeAll    tasks.o
    0x0800b4c4   0x0800b4c4   0x00000060   Code   RO         6374    i.xTimerCreateTimerTask  timers.o
    0x0800b524   0x0800b524   0x00000068   Code   RO         6375    i.xTimerGenericCommand  timers.o
    0x0800b58c   0x0800b58c   0x0000002c   Code   RO         8024    locale$$code        c_w.l(lc_numeric_c.o)
    0x0800b5b8   0x0800b5b8   0x0000002c   Code   RO         8047    locale$$code        c_w.l(lc_ctype_c.o)
    0x0800b5e4   0x0800b5e4   0x00000062   Code   RO         7786    x$fpl$d2f           fz_wm.l(d2f.o)
    0x0800b646   0x0800b646   0x00000002   PAD
    0x0800b648   0x0800b648   0x00000150   Code   RO         7788    x$fpl$dadd          fz_wm.l(daddsub_clz.o)
    0x0800b798   0x0800b798   0x0000005e   Code   RO         7794    x$fpl$dfix          fz_wm.l(dfix.o)
    0x0800b7f6   0x0800b7f6   0x00000002   PAD
    0x0800b7f8   0x0800b7f8   0x00000154   Code   RO         7798    x$fpl$dmul          fz_wm.l(dmul.o)
    0x0800b94c   0x0800b94c   0x0000009c   Code   RO         7905    x$fpl$dnaninf       fz_wm.l(dnaninf.o)
    0x0800b9e8   0x0800b9e8   0x0000000c   Code   RO         7907    x$fpl$dretinf       fz_wm.l(dretinf.o)
    0x0800b9f4   0x0800b9f4   0x000001d4   Code   RO         7790    x$fpl$dsub          fz_wm.l(daddsub_clz.o)
    0x0800bbc8   0x0800bbc8   0x00000056   Code   RO         7800    x$fpl$f2d           fz_wm.l(f2d.o)
    0x0800bc1e   0x0800bc1e   0x00000002   PAD
    0x0800bc20   0x0800bc20   0x00000052   Code   RO         7909    x$fpl$fcmp4         fz_wm.l(fcmp4.o)
    0x0800bc72   0x0800bc72   0x00000018   Code   RO         7982    x$fpl$fcmpinf       fz_wm.l(fcmpi.o)
    0x0800bc8a   0x0800bc8a   0x0000008c   Code   RO         7913    x$fpl$fnaninf       fz_wm.l(fnaninf.o)
    0x0800bd16   0x0800bd16   0x0000000a   Code   RO         8113    x$fpl$fpinit        fz_wm.l(fpinit.o)
    0x0800bd20   0x0800bd20   0x000000f4   Code   RO         7915    x$fpl$frem          fz_wm.l(frem_clz.o)
    0x0800be14   0x0800be14   0x0000000a   Code   RO         7917    x$fpl$fretinf       fz_wm.l(fretinf.o)
    0x0800be1e   0x0800be1e   0x00000004   Code   RO         7919    x$fpl$printf1       fz_wm.l(printf1.o)
    0x0800be22   0x0800be22   0x00000004   Code   RO         7921    x$fpl$printf2       fz_wm.l(printf2.o)
    0x0800be26   0x0800be26   0x00000000   Code   RO         7927    x$fpl$usenofp       fz_wm.l(usenofp.o)
    0x0800be26   0x0800be26   0x00000002   PAD
    0x0800be28   0x0800be28   0x00000048   Data   RO          331    .constdata          app_freertos.o
    0x0800be70   0x0800be70   0x00000018   Data   RO         4534    .constdata          stm32g4xx_hal_uart.o
    0x0800be88   0x0800be88   0x00000010   Data   RO         4900    .constdata          stm32g4xx_hal_uart_ex.o
    0x0800be98   0x0800be98   0x00000010   Data   RO         5005    .constdata          system_stm32g4xx.o
    0x0800bea8   0x0800bea8   0x00000008   Data   RO         5006    .constdata          system_stm32g4xx.o
    0x0800beb0   0x0800beb0   0x00000021   Data   RO         7215    .constdata          segger_rtt.o
    0x0800bed1   0x0800bed1   0x00000010   Data   RO         7415    .constdata          segger_rtt_printf.o
    0x0800bee1   0x0800bee1   0x00000003   PAD
    0x0800bee4   0x0800bee4   0x000000fc   Data   RO         7554    .constdata          cm_backtrace.o
    0x0800bfe0   0x0800bfe0   0x00000004   Data   RO         7638    .constdata          foc.o
    0x0800bfe4   0x0800bfe4   0x00000028   Data   RO         7739    .constdata          c_w.l(_printf_hex_int_ll_ptr.o)
    0x0800c00c   0x0800c00c   0x00000011   Data   RO         7759    .constdata          c_w.l(__printf_flags_ss_wp.o)
    0x0800c01d   0x0800c01d   0x00000003   PAD
    0x0800c020   0x0800c020   0x00000008   Data   RO         7874    .constdata          c_w.l(_printf_wctomb.o)
    0x0800c028   0x0800c028   0x00000020   Data   RO         7945    .constdata          m_wm.l(rredf.o)
    0x0800c048   0x0800c048   0x00000026   Data   RO         7974    .constdata          c_w.l(_printf_fp_hex.o)
    0x0800c06e   0x0800c06e   0x00000002   PAD
    0x0800c070   0x0800c070   0x00000094   Data   RO         7999    .constdata          c_w.l(bigflt0.o)
    0x0800c104   0x0800c104   0x00000014   Data   RO          332    .conststring        app_freertos.o
    0x0800c118   0x0800c118   0x000008c4   Data   RO         7555    .conststring        cm_backtrace.o
    0x0800c9dc   0x0800c9dc   0x00000020   Data   RO         8171    Region$$Table       anon$$obj.o
    0x0800c9fc   0x0800c9fc   0x0000001c   Data   RO         8023    locale$$data        c_w.l(lc_numeric_c.o)
    0x0800ca18   0x0800ca18   0x00000110   Data   RO         8046    locale$$data        c_w.l(lc_ctype_c.o)


    Execution Region RW_IRAM1 (Exec base: 0x20000000, Load base: 0x0800cb28, Size: 0x00002ed8, Max: 0x00008000, ABSOLUTE, COMPRESSED[0x00000018])

    Exec Addr    Load Addr    Size         Type   Attr      Idx    E Section Name        Object

    0x20000000   COMPRESSED   0x0000000c   Data   RW          334    .data               app_freertos.o
    0x2000000c   COMPRESSED   0x00000004   Data   RW          390    .data               adc.o
    0x20000010   COMPRESSED   0x0000000c   Data   RW         1364    .data               stm32g4xx_hal.o
    0x2000001c   COMPRESSED   0x00000004   Data   RW         5007    .data               system_stm32g4xx.o
    0x20000020   COMPRESSED   0x00000008   Data   RW         5116    .data               bspcommusart.o
    0x20000028   COMPRESSED   0x00000001   Data   RW         5189    .data               bspexit.o
    0x20000029   COMPRESSED   0x00000003   PAD
    0x2000002c   COMPRESSED   0x00000010   Data   RW         5226    .data               bspadc.o
    0x2000003c   COMPRESSED   0x00000014   Data   RW         5270    .data               bsptim.o
    0x20000050   COMPRESSED   0x00000004   Data   RW         5271    .data               bsptim.o
    0x20000054   COMPRESSED   0x00000004   Data   RW         5272    .data               bsptim.o
    0x20000058   COMPRESSED   0x00000004   Data   RW         5273    .data               bsptim.o
    0x2000005c   COMPRESSED   0x00000006   Data   RW         5374    .data               foc_manager.o
    0x20000062   COMPRESSED   0x00000002   PAD
    0x20000064   COMPRESSED   0x0000003c   Data   RW         6037    .data               tasks.o
    0x200000a0   COMPRESSED   0x00000014   Data   RW         6383    .data               timers.o
    0x200000b4   COMPRESSED   0x00000004   Data   RW         6608    .data               cmsis_os2.o
    0x200000b8   COMPRESSED   0x00000020   Data   RW         7054    .data               heap_4.o
    0x200000d8   COMPRESSED   0x0000000c   Data   RW         7110    .data               port.o
    0x200000e4   COMPRESSED   0x00000008   Data   RW         7460    .data               log.o
    0x200000ec   COMPRESSED   0x00000018   Data   RW         7556    .data               cm_backtrace.o
    0x20000104   COMPRESSED   0x00000004   PAD
    0x20000108   COMPRESSED   0x00000028   Data   RW         7639    .data               foc.o
    0x20000130        -       0x00000030   Zero   RW           18    .bss                main.o
    0x20000160        -       0x000000d8   Zero   RW          389    .bss                adc.o
    0x20000238        -       0x00000024   Zero   RW          437    .bss                comp.o
    0x2000025c        -       0x00000028   Zero   RW          480    .bss                dac.o
    0x20000284        -       0x000000b4   Zero   RW          553    .bss                opamp.o
    0x20000338        -       0x00000098   Zero   RW          607    .bss                tim.o
    0x200003d0        -       0x00000154   Zero   RW          659    .bss                usart.o
    0x20000524        -       0x0000004c   Zero   RW          843    .bss                stm32g4xx_hal_timebase_tim.o
    0x20000570        -       0x00000258   Zero   RW         5115    .bss                bspcommusart.o
    0x200007c8        -       0x00000040   Zero   RW         5615    .bss                queue.o
    0x20000808        -       0x000004c4   Zero   RW         6036    .bss                tasks.o
    0x20000ccc        -       0x00000118   Zero   RW         6382    .bss                timers.o
    0x20000de4        -       0x000003c0   Zero   RW         6607    .bss                cmsis_os2.o
    0x200011a4        -       0x00000c00   Zero   RW         7053    .bss                heap_4.o
    0x20001da4        -       0x000005a8   Zero   RW         7214    .bss                segger_rtt.o
    0x2000234c        -       0x000002d8   Zero   RW         7459    .bss                log.o
    0x20002624        -       0x000001c8   Zero   RW         7553    .bss                cm_backtrace.o
    0x200027ec   COMPRESSED   0x00000004   PAD
    0x200027f0        -       0x0000007c   Zero   RW         7636    .bss                foc.o
    0x2000286c        -       0x0000000c   Zero   RW         7637    .bss                foc.o
    0x20002878        -       0x00000060   Zero   RW         7985    .bss                c_w.l(libspace.o)
    0x200028d8        -       0x00000200   Zero   RW            2    HEAP                startup_stm32g431xx.o
    0x20002ad8        -       0x00000400   Zero   RW            1    STACK               startup_stm32g431xx.o


==============================================================================

Image component sizes


      Code (inc. data)   RO Data    RW Data    ZI Data      Debug   Object Name

       712         50          0          4        216       2870   adc.o
       156         30         92         12          0       2534   app_freertos.o
       616         84          0         16          0       2666   bspadc.o
       272         40          0          8        600       4428   bspcommusart.o
       164         18          0          1          0        713   bspexit.o
       354         72          0         32          0       2480   bsptim.o
      2324        440       2496         24        456      11460   cm_backtrace.o
        12          0          0          0          0        428   cmb_fault.o
       322         20          0          4        960      65279   cmsis_os2.o
       148         22          0          0         36       1628   comp.o
       296         32          0          0         40       2350   dac.o
        76          4          0          0          0        802   dma.o
         0          0          0          0          0      19548   event_groups.o
      1844        154          4         40        136       8425   foc.o
       236         66          0          6          0       1145   foc_manager.o
       164         10          0          0          0        955   gpio.o
       472         24          0         32       3072       4851   heap_4.o
       138          0          0          0          0       3526   list.o
       728        282          0          8        728       5707   log.o
       372        124          0          0         48     726309   main.o
       304         44          0          0        180       2889   opamp.o
       786         82          0         12          0      11393   port.o
        94          0          0          0          0       3448   protoclofringbuffer.o
      1514         20          0          0         64      17324   queue.o
       860         50         33          0       1448      15841   segger_rtt.o
       966         14         16          0          0       5905   segger_rtt_printf.o
        64         26        472          0       1536        836   startup_stm32g431xx.o
        58         10          0         12          0       2954   stm32g4xx_hal.o
      2810        134          0          0          0      81180   stm32g4xx_hal_adc.o
      2278        100          0          0          0      79246   stm32g4xx_hal_adc_ex.o
       366         34          0          0          0       7305   stm32g4xx_hal_comp.o
       158         14          0          0          0      33034   stm32g4xx_hal_cortex.o
       500         10          0          0          0       2651   stm32g4xx_hal_dac.o
       910         30          0          0          0       7061   stm32g4xx_hal_dma.o
       644         40          0          0          0       4227   stm32g4xx_hal_gpio.o
        60          6          0          0          0        854   stm32g4xx_hal_msp.o
       288          8          0          0          0       2435   stm32g4xx_hal_opamp.o
       204         18          0          0          0       1385   stm32g4xx_hal_pwr_ex.o
      1764        108          0          0          0       7337   stm32g4xx_hal_rcc.o
       648         10          0          0          0       1868   stm32g4xx_hal_rcc_ex.o
      3108        322          0          0          0      21237   stm32g4xx_hal_tim.o
      1030         94          0          0          0      10932   stm32g4xx_hal_tim_ex.o
       136         20          0          0         76       1395   stm32g4xx_hal_timebase_tim.o
      3062        116         24          0          0      38341   stm32g4xx_hal_uart.o
       288          6         16          0          0       5306   stm32g4xx_hal_uart_ex.o
       184         62          0          0          0       7517   stm32g4xx_it.o
        16          4         24          4          0       1103   system_stm32g4xx.o
      2114        180          0         60       1220      28342   tasks.o
       760         46          0          0        152       3449   tim.o
       972         80          0         20        280      32079   timers.o
       348         32          0          0        340       1944   usart.o

    ----------------------------------------------------------------------
     36766       3192       3212        304      11592    1308922   Object Totals
         0          0         32          0          0          0   (incl. Generated)
        66          0          3          9          4          0   (incl. Padding)

    ----------------------------------------------------------------------

      Code (inc. data)   RO Data    RW Data    ZI Data      Debug   Library Member Name

        56          6          0          0          0         88   __2snprintf.o
        44          6          0          0          0         84   __2sprintf.o
        58          0          0          0          0          0   __dczerorl.o
         8          0          0          0          0         68   __main.o
       392          4         17          0          0         92   __printf_flags_ss_wp.o
        14          0          0          0          0         68   __printf_wp.o
         0          0          0          0          0          0   __rtentry.o
        12          0          0          0          0          0   __rtentry2.o
         6          0          0          0          0          0   __rtentry4.o
        52          8          0          0          0          0   __scatter.o
        28          0          0          0          0          0   __scatter_zi.o
         6          0          0          0          0          0   _printf_a.o
         6          0          0          0          0          0   _printf_c.o
        44          0          0          0          0        108   _printf_char.o
        48          6          0          0          0         96   _printf_char_common.o
        40          0          0          0          0         68   _printf_charcount.o
         6          0          0          0          0          0   _printf_d.o
       120         16          0          0          0         92   _printf_dec.o
         6          0          0          0          0          0   _printf_e.o
         6          0          0          0          0          0   _printf_f.o
      1054          0          0          0          0        216   _printf_fp_dec.o
       764          8         38          0          0        100   _printf_fp_hex.o
       128         16          0          0          0         84   _printf_fp_infnan.o
         6          0          0          0          0          0   _printf_g.o
       148          4         40          0          0        160   _printf_hex_int_ll_ptr.o
         6          0          0          0          0          0   _printf_i.o
       178          0          0          0          0         88   _printf_intcommon.o
        10          0          0          0          0          0   _printf_l.o
         6          0          0          0          0          0   _printf_lc.o
        10          0          0          0          0          0   _printf_ll.o
         6          0          0          0          0          0   _printf_lld.o
         6          0          0          0          0          0   _printf_lli.o
         6          0          0          0          0          0   _printf_llo.o
         6          0          0          0          0          0   _printf_llu.o
         6          0          0          0          0          0   _printf_llx.o
       124         16          0          0          0         92   _printf_longlong_dec.o
         6          0          0          0          0          0   _printf_ls.o
         6          0          0          0          0          0   _printf_n.o
         6          0          0          0          0          0   _printf_o.o
       112         10          0          0          0        124   _printf_oct_int_ll.o
         6          0          0          0          0          0   _printf_p.o
        78          0          0          0          0        108   _printf_pad.o
         0          0          0          0          0          0   _printf_percent.o
         4          0          0          0          0          0   _printf_percent_end.o
         6          0          0          0          0          0   _printf_s.o
        82          0          0          0          0         80   _printf_str.o
        36          0          0          0          0         84   _printf_truncate.o
         6          0          0          0          0          0   _printf_u.o
        44          0          0          0          0        108   _printf_wchar.o
       188          6          8          0          0         92   _printf_wctomb.o
         6          0          0          0          0          0   _printf_x.o
        22          0          0          0          0        100   _rserrno.o
        16          0          0          0          0         68   _snputc.o
        10          0          0          0          0         68   _sputc.o
        64          0          0          0          0         92   _wcrtomb.o
        16          0          0          0          0         68   aeabi_memset.o
       228          4        148          0          0         96   bigflt0.o
      1936        128          0          0          0        672   btod.o
        18          0          0          0          0         80   exit.o
         6          0          0          0          0        152   heapauxi.o
         0          0          0          0          0          0   indicate_semi.o
        44         10        272          0          0         76   lc_ctype_c.o
        44         10         28          0          0         76   lc_numeric_c.o
         2          0          0          0          0          0   libinit.o
        34          0          0          0          0          0   libinit2.o
         2          0          0          0          0          0   libshutdown.o
         2          0          0          0          0          0   libshutdown2.o
         8          4          0          0         96         68   libspace.o
       138          0          0          0          0         80   lludiv10.o
       238          0          0          0          0        100   lludivv7m.o
        16          4          0          0          0         76   rt_ctype_table.o
         8          4          0          0          0         68   rt_errno_addr_intlibspace.o
         8          4          0          0          0         68   rt_locale_intlibspace.o
        68          0          0          0          0         68   rt_memclr.o
        78          0          0          0          0         80   rt_memclr_w.o
       138          0          0          0          0         68   rt_memcpy_v6.o
       100          0          0          0          0         80   rt_memcpy_w.o
         2          0          0          0          0          0   rtexit.o
        10          0          0          0          0          0   rtexit2.o
       128          0          0          0          0         68   strcmpv7m.o
        62          0          0          0          0         76   strlen.o
        86          0          0          0          0         76   strncpy.o
        12          4          0          0          0         68   sys_exit.o
        74          0          0          0          0         80   sys_stackheap_outer.o
         2          0          0          0          0         68   use_no_semi.o
        52          4          0          0          0         80   vsnprintf.o
        98          4          0          0          0        140   d2f.o
       804         16          0          0          0        368   daddsub_clz.o
        94          4          0          0          0        140   dfix.o
       340         12          0          0          0        152   dmul.o
       156          4          0          0          0        140   dnaninf.o
        12          0          0          0          0        116   dretinf.o
        86          4          0          0          0        132   f2d.o
        82          4          0          0          0        160   fcmp4.o
        24          0          0          0          0        116   fcmpi.o
       140          4          0          0          0        132   fnaninf.o
        10          0          0          0          0        116   fpinit.o
       244          8          0          0          0        132   frem_clz.o
        10          0          0          0          0        116   fretinf.o
         4          0          0          0          0        116   printf1.o
         4          0          0          0          0        116   printf2.o
         0          0          0          0          0          0   usenofp.o
       336         56          0          0          0        136   cosf.o
       112         14          0          0          0        116   floorf.o
        72          0          0          0          0        148   fmaxf.o
        72          0          0          0          0        148   fminf.o
       176          0          0          0          0        168   fmodf.o
        48          0          0          0          0        124   fpclassify.o
        38          0          0          0          0        116   fpclassifyf.o
        38         12          0          0          0        348   funder.o
       340         24         32          0          0        160   rredf.o
       400         56          0          0          0        212   sinf.o

    ----------------------------------------------------------------------
     11442        504        588          0         96       8788   Library Totals
        28          0          5          0          0          0   (incl. Padding)

    ----------------------------------------------------------------------

      Code (inc. data)   RO Data    RW Data    ZI Data      Debug   Library Name

      7674        282        551          0         96       4920   c_w.l
      2108         60          0          0          0       2192   fz_wm.l
      1632        162         32          0          0       1676   m_wm.l

    ----------------------------------------------------------------------
     11442        504        588          0         96       8788   Library Totals

    ----------------------------------------------------------------------

==============================================================================


      Code (inc. data)   RO Data    RW Data    ZI Data      Debug   

     48208       3696       3800        304      11688    1281854   Grand Totals
     48208       3696       3800         24      11688    1281854   ELF Image Totals (compressed)
     48208       3696       3800         24          0          0   ROM Totals

==============================================================================

    Total RO  Size (Code + RO Data)                52008 (  50.79kB)
    Total RW  Size (RW Data + ZI Data)             11992 (  11.71kB)
    Total ROM Size (Code + RO Data + RW Data)      52032 (  50.81kB)

==============================================================================

